#-----------------------------------------------------------
# xsim v2023.1 (64-bit)
# SW Build 3865809 on Sun May  7 15:05:29 MDT 2023
# IP Build 3864474 on Sun May  7 20:36:21 MDT 2023
# SharedData Build 3865790 on Sun May 07 13:33:03 MDT 2023
# Start of session at: Sat May  2 03:20:13 2026
# Process ID: 33788
# Current directory: C:/Users/khuon/ECE520/final_project/phase1_sim/phase1_sim.sim/sim_1/behav/xsim
# Command line: xsim.exe -log tb_band_energy_sim.log -mode tcl -source {xsim.dir/tb_band_energy_behav/xsim_script.tcl}
# Log file: C:/Users/khuon/ECE520/final_project/phase1_sim/phase1_sim.sim/sim_1/behav/xsim/tb_band_energy_sim.log
# Journal file: C:/Users/khuon/ECE520/final_project/phase1_sim/phase1_sim.sim/sim_1/behav/xsim\xsim.jou
# Running On: GN9HD17Q, OS: Windows, CPU Frequency: 3072 MHz, CPU Physical cores: 24, Host memory: 33673 MB
#-----------------------------------------------------------
source xsim.dir/tb_band_energy_behav/xsim_script.tcl
# xsim {tb_band_energy_behav} -autoloadwcfg -tclbatch {run_all.tcl}
Time resolution is 1 ps
source run_all.tcl
## run -all
=== Band Energy Testbench ===
[PASS] Reset: all energies zero
[TEST] Low frequency input...
  Low= 9662  Mid= 3056  High=  271
[TEST] High frequency input...
  Low=  424  Mid= 3727  High=16353
=== Band Energy Testbench Complete ===
$finish called at time : 82044 ns : File "C:/Users/khuon/ECE520/final_project/reactive-visual-scene-engine/tb/tb_band_energy.v" Line 77
