Vivado Simulator v2023.1
Copyright 1986-2022 Xilinx, Inc. All Rights Reserved.
Copyright 2022-2023 Advanced Micro Devices, Inc. All Rights Reserved.
Running: C:/Xilinx/Vivado/2023.1/bin/unwrapped/win64.o/xelab.exe --debug typical --relax --mt 8 -L xil_defaultlib -L unisims_ver -L unimacro_ver -L secureip --snapshot tb_feature_extraction_top_behav xil_defaultlib.tb_feature_extraction_top xil_defaultlib.glbl 
Using 8 slave threads.
Starting static elaboration
Pass Through NonSizing Optimizer
Completed static elaboration
Starting simulation data flow analysis
WARNING: [XSIM 43-4099] "C:/Users/khuon/ECE520/final_project/reactive-visual-scene-engine/rtl/feature_extraction/feature_extraction_top.v" Line 5. Module feature_extraction_top doesn't have a timescale but at least one module in design has a timescale.
WARNING: [XSIM 43-4099] "C:/Users/khuon/ECE520/final_project/reactive-visual-scene-engine/rtl/feature_extraction/amplitude_detector.v" Line 5. Module amplitude_detector doesn't have a timescale but at least one module in design has a timescale.
WARNING: [XSIM 43-4099] "C:/Users/khuon/ECE520/final_project/reactive-visual-scene-engine/rtl/feature_extraction/band_energy.v" Line 13. Module band_energy doesn't have a timescale but at least one module in design has a timescale.
WARNING: [XSIM 43-4099] "C:/Users/khuon/ECE520/final_project/reactive-visual-scene-engine/rtl/feature_extraction/feature_extraction_top.v" Line 5. Module feature_extraction_top doesn't have a timescale but at least one module in design has a timescale.
WARNING: [XSIM 43-4099] "C:/Users/khuon/ECE520/final_project/reactive-visual-scene-engine/rtl/feature_extraction/amplitude_detector.v" Line 5. Module amplitude_detector doesn't have a timescale but at least one module in design has a timescale.
WARNING: [XSIM 43-4099] "C:/Users/khuon/ECE520/final_project/reactive-visual-scene-engine/rtl/feature_extraction/band_energy.v" Line 13. Module band_energy doesn't have a timescale but at least one module in design has a timescale.
Completed simulation data flow analysis
Time Resolution for simulation is 1ps
Compiling module xil_defaultlib.amplitude_detector
Compiling module xil_defaultlib.band_energy
Compiling module xil_defaultlib.feature_extraction_top
Compiling module xil_defaultlib.tb_feature_extraction_top
Compiling module xil_defaultlib.glbl
Built simulation snapshot tb_feature_extraction_top_behav
