#-----------------------------------------------------------
# Vivado v2023.1 (64-bit)
# SW Build 3865809 on Sun May  7 15:05:29 MDT 2023
# IP Build 3864474 on Sun May  7 20:36:21 MDT 2023
# SharedData Build 3865790 on Sun May 07 13:33:03 MDT 2023
# Start of session at: Sun May  3 01:40:05 2026
# Process ID: 41672
# Current directory: C:/Users/khuon/ECE520/final_project/phase3_integration/phase3_integration.runs/design_1_proc_sys_reset_0_0_synth_1
# Command line: vivado.exe -log design_1_proc_sys_reset_0_0.vds -product Vivado -mode batch -messageDb vivado.pb -notrace -source design_1_proc_sys_reset_0_0.tcl
# Log file: C:/Users/khuon/ECE520/final_project/phase3_integration/phase3_integration.runs/design_1_proc_sys_reset_0_0_synth_1/design_1_proc_sys_reset_0_0.vds
# Journal file: C:/Users/khuon/ECE520/final_project/phase3_integration/phase3_integration.runs/design_1_proc_sys_reset_0_0_synth_1\vivado.jou
# Running On: GN9HD17Q, OS: Windows, CPU Frequency: 3072 MHz, CPU Physical cores: 24, Host memory: 33673 MB
#-----------------------------------------------------------
source design_1_proc_sys_reset_0_0.tcl -notrace
