#-----------------------------------------------------------
# xsim v2023.1 (64-bit)
# SW Build 3865809 on Sun May  7 15:05:29 MDT 2023
# IP Build 3864474 on Sun May  7 20:36:21 MDT 2023
# SharedData Build 3865790 on Sun May 07 13:33:03 MDT 2023
# Start of session at: Sat May  2 03:35:45 2026
# Process ID: 37584
# Current directory: C:/Users/khuon/ECE520/final_project/phase2_scene_sim/phase2_scene_sim.sim/sim_1/behav/xsim
# Command line: xsim.exe -mode tcl -source {xsim.dir/tb_scene_split_screen_behav/xsim_script.tcl}
# Log file: C:/Users/khuon/ECE520/final_project/phase2_scene_sim/phase2_scene_sim.sim/sim_1/behav/xsim/xsim.log
# Journal file: C:/Users/khuon/ECE520/final_project/phase2_scene_sim/phase2_scene_sim.sim/sim_1/behav/xsim\xsim.jou
# Running On: GN9HD17Q, OS: Windows, CPU Frequency: 3072 MHz, CPU Physical cores: 24, Host memory: 33673 MB
#-----------------------------------------------------------
source xsim.dir/tb_scene_split_screen_behav/xsim_script.tcl
# xsim {tb_scene_split_screen_behav} -autoloadwcfg -tclbatch {tb_scene_split_screen.tcl}
Time resolution is 1 ps
source tb_scene_split_screen.tcl
## run 10ms
=== Scene Split Screen Testbench ===
[PASS] Test 1: Reset - outputs zero
[PASS] Test 2: Blanking is black
[PASS] Test 3: Divider line is white at x=319-321
[PASS] Test 4: Left bass bar visible at bottom (g=10)
[PASS] Test 5: Left silent - black (no bars)
[PASS] Test 6: Right flash - both bright and dark seen
[PASS] Test 7: Left=bass-green, right=flash-independent
=== Scene Split Screen: ALL PASS ===
$finish called at time : 965 ns : File "C:/Users/khuon/ECE520/final_project/reactive-visual-scene-engine/tb/tb_scene_split_screen.v" Line 160
## quit
INFO: [Common 17-206] Exiting xsim at Sat May  2 03:35:47 2026...
