#-----------------------------------------------------------
# xsim v2023.1 (64-bit)
# SW Build 3865809 on Sun May  7 15:05:29 MDT 2023
# IP Build 3864474 on Sun May  7 20:36:21 MDT 2023
# SharedData Build 3865790 on Sun May 07 13:33:03 MDT 2023
# Start of session at: Sat May  2 03:35:35 2026
# Process ID: 17528
# Current directory: C:/Users/khuon/ECE520/final_project/phase2_scene_sim/phase2_scene_sim.sim/sim_1/behav/xsim
# Command line: xsim.exe -mode tcl -source {xsim.dir/tb_scene_bass_bars_behav/xsim_script.tcl}
# Log file: C:/Users/khuon/ECE520/final_project/phase2_scene_sim/phase2_scene_sim.sim/sim_1/behav/xsim/xsim.log
# Journal file: C:/Users/khuon/ECE520/final_project/phase2_scene_sim/phase2_scene_sim.sim/sim_1/behav/xsim\xsim.jou
# Running On: GN9HD17Q, OS: Windows, CPU Frequency: 3072 MHz, CPU Physical cores: 24, Host memory: 33673 MB
#-----------------------------------------------------------
source xsim.dir/tb_scene_bass_bars_behav/xsim_script.tcl
# xsim {tb_scene_bass_bars_behav} -autoloadwcfg -tclbatch {tb_scene_bass_bars.tcl}
Time resolution is 1 ps
source tb_scene_bass_bars.tcl
## run 2ms
=== Scene Bass Bars Testbench ===
[PASS] Test 1: Reset - outputs zero
[PASS] Test 2: Blanking is black
[PASS] Test 3: Silent - black background (no bars)
[PASS] Test 4: Full energy - bottom pixel in bar (g=11)
[PASS] Test 5: Full energy - top pixel also in bar (g=11)
[PASS] Test 6: Gap pixel is black at x=78 (r=0 g=0 b=0)
[PASS] Test 7: Medium energy - y=400 not in bar (above bar top)
[PASS] Test 7b: Medium energy - y=470 in bar (g=8)
=== Scene Bass Bars: ALL PASS ===
$finish called at time : 157 ns : File "C:/Users/khuon/ECE520/final_project/reactive-visual-scene-engine/tb/tb_scene_bass_bars.v" Line 147
## quit
INFO: [Common 17-206] Exiting xsim at Sat May  2 03:35:37 2026...
