
*** Running vivado
    with args -log scene_engine_top.vdi -applog -m64 -product Vivado -messageDb vivado.pb -mode batch -source scene_engine_top.tcl -notrace



****** Vivado v2023.1 (64-bit)
  **** SW Build 3865809 on Sun May  7 15:05:29 MDT 2023
  **** IP Build 3864474 on Sun May  7 20:36:21 MDT 2023
  **** SharedData Build 3865790 on Sun May 07 13:33:03 MDT 2023
    ** Copyright 1986-2022 Xilinx, Inc. All Rights Reserved.
    ** Copyright 2022-2023 Advanced Micro Devices, Inc. All Rights Reserved.

source scene_engine_top.tcl -notrace
Command: link_design -top scene_engine_top -part xc7z010clg400-1
Design is defaulting to srcset: sources_1
Design is defaulting to constrset: constrs_1
INFO: [Device 21-403] Loading part xc7z010clg400-1
Netlist sorting complete. Time (s): cpu = 00:00:00 ; elapsed = 00:00:00.002 . Memory (MB): peak = 1912.109 ; gain = 0.000
INFO: [Netlist 29-17] Analyzing 36 Unisim elements for replacement
INFO: [Netlist 29-28] Unisim Transformation completed in 0 CPU seconds
INFO: [Project 1-479] Netlist was created with Vivado 2023.1
INFO: [Project 1-570] Preparing netlist for logic optimization
Netlist sorting complete. Time (s): cpu = 00:00:00 ; elapsed = 00:00:00 . Memory (MB): peak = 2006.566 ; gain = 0.000
INFO: [Project 1-111] Unisim Transformation Summary:
No Unisim elements were transformed.

6 Infos, 0 Warnings, 0 Critical Warnings and 0 Errors encountered.
link_design completed successfully
Command: opt_design
Attempting to get a license for feature 'Implementation' and/or device 'xc7z010'
INFO: [Common 17-349] Got license for feature 'Implementation' and/or device 'xc7z010'
Running DRC as a precondition to command opt_design

Starting DRC Task
INFO: [DRC 23-27] Running DRC with 2 threads
INFO: [Project 1-461] DRC finished with 0 Errors
INFO: [Project 1-462] Please refer to the DRC report (report_drc) for more information.

Time (s): cpu = 00:00:00 ; elapsed = 00:00:00.555 . Memory (MB): peak = 2060.742 ; gain = 54.102

Starting Cache Timing Information Task
INFO: [Timing 38-35] Done setting XDC timing constraints.
Ending Cache Timing Information Task | Checksum: d4f89238

Time (s): cpu = 00:00:04 ; elapsed = 00:00:04 . Memory (MB): peak = 2524.648 ; gain = 463.906

Starting Logic Optimization Task

Phase 1 Retarget
INFO: [Opt 31-138] Pushed 0 inverter(s) to 0 load pin(s).
INFO: [Opt 31-49] Retargeted 0 cell(s).
Phase 1 Retarget | Checksum: d4f89238

Time (s): cpu = 00:00:00 ; elapsed = 00:00:00.037 . Memory (MB): peak = 2872.102 ; gain = 0.000
INFO: [Opt 31-389] Phase Retarget created 0 cells and removed 0 cells

Phase 2 Constant propagation
INFO: [Opt 31-138] Pushed 0 inverter(s) to 0 load pin(s).
Phase 2 Constant propagation | Checksum: c988f3be

Time (s): cpu = 00:00:00 ; elapsed = 00:00:00.040 . Memory (MB): peak = 2872.102 ; gain = 0.000
INFO: [Opt 31-389] Phase Constant propagation created 0 cells and removed 0 cells

Phase 3 Sweep
Phase 3 Sweep | Checksum: b973da05

Time (s): cpu = 00:00:00 ; elapsed = 00:00:00.044 . Memory (MB): peak = 2872.102 ; gain = 0.000
INFO: [Opt 31-389] Phase Sweep created 0 cells and removed 0 cells

Phase 4 BUFG optimization
Phase 4 BUFG optimization | Checksum: b973da05

Time (s): cpu = 00:00:00 ; elapsed = 00:00:00.062 . Memory (MB): peak = 2872.102 ; gain = 0.000
INFO: [Opt 31-662] Phase BUFG optimization created 0 cells of which 0 are BUFGs and removed 0 cells.

Phase 5 Shift Register Optimization
INFO: [Opt 31-1064] SRL Remap converted 0 SRLs to 0 registers and converted 0 registers of register chains to 0 SRLs
Phase 5 Shift Register Optimization | Checksum: 118389246

Time (s): cpu = 00:00:00 ; elapsed = 00:00:00.072 . Memory (MB): peak = 2872.102 ; gain = 0.000
INFO: [Opt 31-389] Phase Shift Register Optimization created 0 cells and removed 0 cells

Phase 6 Post Processing Netlist
Phase 6 Post Processing Netlist | Checksum: 118389246

Time (s): cpu = 00:00:00 ; elapsed = 00:00:00.073 . Memory (MB): peak = 2872.102 ; gain = 0.000
INFO: [Opt 31-389] Phase Post Processing Netlist created 0 cells and removed 0 cells
Opt_design Change Summary
=========================


-------------------------------------------------------------------------------------------------------------------------
|  Phase                        |  #Cells created  |  #Cells Removed  |  #Constrained objects preventing optimizations  |
-------------------------------------------------------------------------------------------------------------------------
|  Retarget                     |               0  |               0  |                                              0  |
|  Constant propagation         |               0  |               0  |                                              0  |
|  Sweep                        |               0  |               0  |                                              0  |
|  BUFG optimization            |               0  |               0  |                                              0  |
|  Shift Register Optimization  |               0  |               0  |                                              0  |
|  Post Processing Netlist      |               0  |               0  |                                              0  |
-------------------------------------------------------------------------------------------------------------------------



Starting Connectivity Check Task

Time (s): cpu = 00:00:00 ; elapsed = 00:00:00 . Memory (MB): peak = 2872.102 ; gain = 0.000
Ending Logic Optimization Task | Checksum: 118389246

Time (s): cpu = 00:00:00 ; elapsed = 00:00:00.074 . Memory (MB): peak = 2872.102 ; gain = 0.000

Starting Power Optimization Task
INFO: [Pwropt 34-132] Skipping clock gating for clocks with a period < 2.00 ns.
Ending Power Optimization Task | Checksum: 118389246

Time (s): cpu = 00:00:00 ; elapsed = 00:00:00.010 . Memory (MB): peak = 2872.102 ; gain = 0.000

Starting Final Cleanup Task
Ending Final Cleanup Task | Checksum: 118389246

Time (s): cpu = 00:00:00 ; elapsed = 00:00:00 . Memory (MB): peak = 2872.102 ; gain = 0.000

Starting Netlist Obfuscation Task
Netlist sorting complete. Time (s): cpu = 00:00:00 ; elapsed = 00:00:00 . Memory (MB): peak = 2872.102 ; gain = 0.000
Ending Netlist Obfuscation Task | Checksum: 118389246

Time (s): cpu = 00:00:00 ; elapsed = 00:00:00.001 . Memory (MB): peak = 2872.102 ; gain = 0.000
INFO: [Common 17-83] Releasing license: Implementation
23 Infos, 0 Warnings, 0 Critical Warnings and 0 Errors encountered.
opt_design completed successfully
opt_design: Time (s): cpu = 00:00:05 ; elapsed = 00:00:06 . Memory (MB): peak = 2872.102 ; gain = 865.535
INFO: [runtcl-4] Executing : report_drc -file scene_engine_top_drc_opted.rpt -pb scene_engine_top_drc_opted.pb -rpx scene_engine_top_drc_opted.rpx
Command: report_drc -file scene_engine_top_drc_opted.rpt -pb scene_engine_top_drc_opted.pb -rpx scene_engine_top_drc_opted.rpx
INFO: [IP_Flow 19-234] Refreshing IP repositories
INFO: [IP_Flow 19-1704] No user IP repositories specified
INFO: [IP_Flow 19-2313] Loaded Vivado IP repository 'C:/Xilinx/Vivado/2023.1/data/ip'.
INFO: [DRC 23-27] Running DRC with 2 threads
INFO: [Vivado_Tcl 2-168] The results of DRC are in file C:/Users/khuon/ECE520/final_project/phase2_scene_sim/phase2_scene_sim.runs/impl_1/scene_engine_top_drc_opted.rpt.
report_drc completed successfully
INFO: [Common 17-1381] The checkpoint 'C:/Users/khuon/ECE520/final_project/phase2_scene_sim/phase2_scene_sim.runs/impl_1/scene_engine_top_opt.dcp' has been generated.
Command: place_design
Attempting to get a license for feature 'Implementation' and/or device 'xc7z010'
INFO: [Common 17-349] Got license for feature 'Implementation' and/or device 'xc7z010'
INFO: [DRC 23-27] Running DRC with 2 threads
INFO: [Vivado_Tcl 4-198] DRC finished with 0 Errors
INFO: [Vivado_Tcl 4-199] Please refer to the DRC report (report_drc) for more information.
Running DRC as a precondition to command place_design
INFO: [DRC 23-27] Running DRC with 2 threads
INFO: [Vivado_Tcl 4-198] DRC finished with 0 Errors
INFO: [Vivado_Tcl 4-199] Please refer to the DRC report (report_drc) for more information.

Starting Placer Task
INFO: [Place 30-611] Multithreading enabled for place_design using a maximum of 2 CPUs

Phase 1 Placer Initialization

Phase 1.1 Placer Initialization Netlist Sorting
Netlist sorting complete. Time (s): cpu = 00:00:00 ; elapsed = 00:00:00 . Memory (MB): peak = 2872.102 ; gain = 0.000
Phase 1.1 Placer Initialization Netlist Sorting | Checksum: 6d6d29b1

Time (s): cpu = 00:00:00 ; elapsed = 00:00:00.013 . Memory (MB): peak = 2872.102 ; gain = 0.000
Netlist sorting complete. Time (s): cpu = 00:00:00 ; elapsed = 00:00:00 . Memory (MB): peak = 2872.102 ; gain = 0.000

Phase 1.2 IO Placement/ Clock Placement/ Build Placer Device
INFO: [Timing 38-35] Done setting XDC timing constraints.
Phase 1.2 IO Placement/ Clock Placement/ Build Placer Device | Checksum: b2b85664

Time (s): cpu = 00:00:00 ; elapsed = 00:00:00.189 . Memory (MB): peak = 2872.102 ; gain = 0.000

Phase 1.3 Build Placer Netlist Model
Phase 1.3 Build Placer Netlist Model | Checksum: e9b353a0

Time (s): cpu = 00:00:00 ; elapsed = 00:00:00.214 . Memory (MB): peak = 2872.102 ; gain = 0.000

Phase 1.4 Constrain Clocks/Macros
Phase 1.4 Constrain Clocks/Macros | Checksum: e9b353a0

Time (s): cpu = 00:00:00 ; elapsed = 00:00:00.215 . Memory (MB): peak = 2872.102 ; gain = 0.000
Phase 1 Placer Initialization | Checksum: e9b353a0

Time (s): cpu = 00:00:00 ; elapsed = 00:00:00.219 . Memory (MB): peak = 2872.102 ; gain = 0.000

Phase 2 Global Placement

Phase 2.1 Floorplanning
Phase 2.1 Floorplanning | Checksum: e9b353a0

Time (s): cpu = 00:00:00 ; elapsed = 00:00:00.224 . Memory (MB): peak = 2872.102 ; gain = 0.000

Phase 2.2 Update Timing before SLR Path Opt
Phase 2.2 Update Timing before SLR Path Opt | Checksum: e9b353a0

Time (s): cpu = 00:00:00 ; elapsed = 00:00:00.224 . Memory (MB): peak = 2872.102 ; gain = 0.000

Phase 2.3 Post-Processing in Floorplanning
Phase 2.3 Post-Processing in Floorplanning | Checksum: e9b353a0

Time (s): cpu = 00:00:00 ; elapsed = 00:00:00.224 . Memory (MB): peak = 2872.102 ; gain = 0.000

Phase 2.4 Global Placement Core
WARNING: [Place 46-29] Timing had been disabled during Placer and, therefore, physical synthesis in Placer will be skipped.
Phase 2.4 Global Placement Core | Checksum: 1718fd9dc

Time (s): cpu = 00:00:01 ; elapsed = 00:00:00.559 . Memory (MB): peak = 2874.312 ; gain = 2.211
Phase 2 Global Placement | Checksum: 1718fd9dc

Time (s): cpu = 00:00:01 ; elapsed = 00:00:00.561 . Memory (MB): peak = 2874.312 ; gain = 2.211

Phase 3 Detail Placement

Phase 3.1 Commit Multi Column Macros
Phase 3.1 Commit Multi Column Macros | Checksum: 1718fd9dc

Time (s): cpu = 00:00:01 ; elapsed = 00:00:00.563 . Memory (MB): peak = 2874.312 ; gain = 2.211

Phase 3.2 Commit Most Macros & LUTRAMs
Phase 3.2 Commit Most Macros & LUTRAMs | Checksum: 146a82506

Time (s): cpu = 00:00:01 ; elapsed = 00:00:00.572 . Memory (MB): peak = 2874.312 ; gain = 2.211

Phase 3.3 Area Swap Optimization
Phase 3.3 Area Swap Optimization | Checksum: 901af14d

Time (s): cpu = 00:00:01 ; elapsed = 00:00:00.576 . Memory (MB): peak = 2874.312 ; gain = 2.211

Phase 3.4 Pipeline Register Optimization
Phase 3.4 Pipeline Register Optimization | Checksum: 901af14d

Time (s): cpu = 00:00:01 ; elapsed = 00:00:00.577 . Memory (MB): peak = 2874.312 ; gain = 2.211

Phase 3.5 Small Shape Detail Placement
Phase 3.5 Small Shape Detail Placement | Checksum: 1aa48eb7f

Time (s): cpu = 00:00:01 ; elapsed = 00:00:00.619 . Memory (MB): peak = 2874.312 ; gain = 2.211

Phase 3.6 Re-assign LUT pins
Phase 3.6 Re-assign LUT pins | Checksum: 1aa48eb7f

Time (s): cpu = 00:00:01 ; elapsed = 00:00:00.626 . Memory (MB): peak = 2874.312 ; gain = 2.211

Phase 3.7 Pipeline Register Optimization
Phase 3.7 Pipeline Register Optimization | Checksum: 1aa48eb7f

Time (s): cpu = 00:00:01 ; elapsed = 00:00:00.627 . Memory (MB): peak = 2874.312 ; gain = 2.211
Phase 3 Detail Placement | Checksum: 1aa48eb7f

Time (s): cpu = 00:00:01 ; elapsed = 00:00:00.628 . Memory (MB): peak = 2874.312 ; gain = 2.211

Phase 4 Post Placement Optimization and Clean-Up

Phase 4.1 Post Commit Optimization
Phase 4.1 Post Commit Optimization | Checksum: 1aa48eb7f

Time (s): cpu = 00:00:01 ; elapsed = 00:00:00.635 . Memory (MB): peak = 2874.312 ; gain = 2.211

Phase 4.2 Post Placement Cleanup
Phase 4.2 Post Placement Cleanup | Checksum: 1aa48eb7f

Time (s): cpu = 00:00:01 ; elapsed = 00:00:00.638 . Memory (MB): peak = 2874.312 ; gain = 2.211

Phase 4.3 Placer Reporting

Phase 4.3.1 Print Estimated Congestion
INFO: [Place 30-612] Post-Placement Estimated Congestion 
 ____________________________________________________
|           | Global Congestion | Short Congestion  |
| Direction | Region Size       | Region Size       |
|___________|___________________|___________________|
|      North|                1x1|                1x1|
|___________|___________________|___________________|
|      South|                1x1|                1x1|
|___________|___________________|___________________|
|       East|                1x1|                1x1|
|___________|___________________|___________________|
|       West|                1x1|                1x1|
|___________|___________________|___________________|

Phase 4.3.1 Print Estimated Congestion | Checksum: 1aa48eb7f

Time (s): cpu = 00:00:01 ; elapsed = 00:00:00.640 . Memory (MB): peak = 2874.312 ; gain = 2.211
Phase 4.3 Placer Reporting | Checksum: 1aa48eb7f

Time (s): cpu = 00:00:01 ; elapsed = 00:00:00.641 . Memory (MB): peak = 2874.312 ; gain = 2.211

Phase 4.4 Final Placement Cleanup
Netlist sorting complete. Time (s): cpu = 00:00:00 ; elapsed = 00:00:00 . Memory (MB): peak = 2874.312 ; gain = 0.000

Time (s): cpu = 00:00:01 ; elapsed = 00:00:00.641 . Memory (MB): peak = 2874.312 ; gain = 2.211
Phase 4 Post Placement Optimization and Clean-Up | Checksum: 13b6d0a7e

Time (s): cpu = 00:00:01 ; elapsed = 00:00:00.642 . Memory (MB): peak = 2874.312 ; gain = 2.211
Ending Placer Task | Checksum: db83c490

Time (s): cpu = 00:00:01 ; elapsed = 00:00:00.643 . Memory (MB): peak = 2874.312 ; gain = 2.211
INFO: [Common 17-83] Releasing license: Implementation
41 Infos, 1 Warnings, 0 Critical Warnings and 0 Errors encountered.
place_design completed successfully
INFO: [runtcl-4] Executing : report_io -file scene_engine_top_io_placed.rpt
report_io: Time (s): cpu = 00:00:00 ; elapsed = 00:00:00.042 . Memory (MB): peak = 2874.312 ; gain = 0.000
INFO: [runtcl-4] Executing : report_utilization -file scene_engine_top_utilization_placed.rpt -pb scene_engine_top_utilization_placed.pb
INFO: [runtcl-4] Executing : report_control_sets -verbose -file scene_engine_top_control_sets_placed.rpt
report_control_sets: Time (s): cpu = 00:00:00 ; elapsed = 00:00:00 . Memory (MB): peak = 2874.312 ; gain = 0.000
Writing XDEF routing.
Writing XDEF routing logical nets.
Writing XDEF routing special nets.
Write XDEF Complete: Time (s): cpu = 00:00:00 ; elapsed = 00:00:00.072 . Memory (MB): peak = 2882.395 ; gain = 8.082
INFO: [Common 17-1381] The checkpoint 'C:/Users/khuon/ECE520/final_project/phase2_scene_sim/phase2_scene_sim.runs/impl_1/scene_engine_top_placed.dcp' has been generated.
Command: phys_opt_design
Attempting to get a license for feature 'Implementation' and/or device 'xc7z010'
INFO: [Common 17-349] Got license for feature 'Implementation' and/or device 'xc7z010'

Starting Initial Update Timing Task

Time (s): cpu = 00:00:00 ; elapsed = 00:00:00.012 . Memory (MB): peak = 2882.547 ; gain = 0.000
INFO: [Vivado_Tcl 4-235] No timing constraint found. The netlist was not modified.
INFO: [Common 17-83] Releasing license: Implementation
48 Infos, 1 Warnings, 0 Critical Warnings and 0 Errors encountered.
phys_opt_design completed successfully
Writing XDEF routing.
Writing XDEF routing logical nets.
Writing XDEF routing special nets.
Write XDEF Complete: Time (s): cpu = 00:00:00 ; elapsed = 00:00:00.035 . Memory (MB): peak = 2888.527 ; gain = 5.980
INFO: [Common 17-1381] The checkpoint 'C:/Users/khuon/ECE520/final_project/phase2_scene_sim/phase2_scene_sim.runs/impl_1/scene_engine_top_physopt.dcp' has been generated.
Command: route_design
Attempting to get a license for feature 'Implementation' and/or device 'xc7z010'
INFO: [Common 17-349] Got license for feature 'Implementation' and/or device 'xc7z010'
Running DRC as a precondition to command route_design
INFO: [DRC 23-27] Running DRC with 2 threads
INFO: [Vivado_Tcl 4-198] DRC finished with 0 Errors
INFO: [Vivado_Tcl 4-199] Please refer to the DRC report (report_drc) for more information.


Starting Routing Task
INFO: [Route 35-254] Multithreading enabled for route_design using a maximum of 2 CPUs

Phase 1 Build RT Design
Checksum: PlaceDB: d797e834 ConstDB: 0 ShapeSum: 3ebdc5c RouteDB: 0
Post Restoration Checksum: NetGraph: 5fb9828e | NumContArr: a8e8061b | Constraints: 190a55ad | Timing: 0
Phase 1 Build RT Design | Checksum: 121abde56

Time (s): cpu = 00:00:05 ; elapsed = 00:00:05 . Memory (MB): peak = 2923.816 ; gain = 25.164

Phase 2 Router Initialization
INFO: [Route 35-64] No timing constraints were detected. The router will operate in resource-optimization mode.

Phase 2.1 Fix Topology Constraints
Phase 2.1 Fix Topology Constraints | Checksum: 121abde56

Time (s): cpu = 00:00:05 ; elapsed = 00:00:05 . Memory (MB): peak = 2930.477 ; gain = 31.824

Phase 2.2 Pre Route Cleanup
Phase 2.2 Pre Route Cleanup | Checksum: 121abde56

Time (s): cpu = 00:00:05 ; elapsed = 00:00:05 . Memory (MB): peak = 2930.477 ; gain = 31.824
 Number of Nodes with overlaps = 0

Router Utilization Summary
  Global Vertical Routing Utilization    = 0 %
  Global Horizontal Routing Utilization  = 0 %
  Routable Net Status*
  *Does not include unroutable nets such as driverless and loadless.
  Run report_route_status for detailed report.
  Number of Failed Nets               = 257
    (Failed Nets is the sum of unrouted and partially routed nets)
  Number of Unrouted Nets             = 257
  Number of Partially Routed Nets     = 0
  Number of Node Overlaps             = 0

Phase 2 Router Initialization | Checksum: 105904700

Time (s): cpu = 00:00:05 ; elapsed = 00:00:05 . Memory (MB): peak = 2935.375 ; gain = 36.723

Phase 3 Initial Routing

Phase 3.1 Global Routing
Phase 3.1 Global Routing | Checksum: 105904700

Time (s): cpu = 00:00:05 ; elapsed = 00:00:05 . Memory (MB): peak = 2935.375 ; gain = 36.723
Phase 3 Initial Routing | Checksum: fd228487

Time (s): cpu = 00:00:05 ; elapsed = 00:00:05 . Memory (MB): peak = 2935.375 ; gain = 36.723

Phase 4 Rip-up And Reroute

Phase 4.1 Global Iteration 0
 Number of Nodes with overlaps = 9
 Number of Nodes with overlaps = 0
Phase 4.1 Global Iteration 0 | Checksum: e6a9a55e

Time (s): cpu = 00:00:05 ; elapsed = 00:00:05 . Memory (MB): peak = 2935.375 ; gain = 36.723
Phase 4 Rip-up And Reroute | Checksum: e6a9a55e

Time (s): cpu = 00:00:05 ; elapsed = 00:00:05 . Memory (MB): peak = 2935.375 ; gain = 36.723

Phase 5 Delay and Skew Optimization
Phase 5 Delay and Skew Optimization | Checksum: e6a9a55e

Time (s): cpu = 00:00:05 ; elapsed = 00:00:05 . Memory (MB): peak = 2935.375 ; gain = 36.723

Phase 6 Post Hold Fix

Phase 6.1 Hold Fix Iter
Phase 6.1 Hold Fix Iter | Checksum: e6a9a55e

Time (s): cpu = 00:00:05 ; elapsed = 00:00:05 . Memory (MB): peak = 2935.375 ; gain = 36.723
Phase 6 Post Hold Fix | Checksum: e6a9a55e

Time (s): cpu = 00:00:05 ; elapsed = 00:00:05 . Memory (MB): peak = 2935.375 ; gain = 36.723

Phase 7 Route finalize

Router Utilization Summary
  Global Vertical Routing Utilization    = 0.240428 %
  Global Horizontal Routing Utilization  = 0.157399 %
  Routable Net Status*
  *Does not include unroutable nets such as driverless and loadless.
  Run report_route_status for detailed report.
  Number of Failed Nets               = 0
    (Failed Nets is the sum of unrouted and partially routed nets)
  Number of Unrouted Nets             = 0
  Number of Partially Routed Nets     = 0
  Number of Node Overlaps             = 0


--GLOBAL Congestion:
Utilization threshold used for congestion level computation: 0.85
Congestion Report
North Dir 1x1 Area, Max Cong = 36.036%, No Congested Regions.
South Dir 1x1 Area, Max Cong = 24.3243%, No Congested Regions.
East Dir 1x1 Area, Max Cong = 23.5294%, No Congested Regions.
West Dir 1x1 Area, Max Cong = 19.1176%, No Congested Regions.

------------------------------
Reporting congestion hotspots
------------------------------
Direction: North
----------------
Congested clusters found at Level 0
Effective congestion level: 0 Aspect Ratio: 1 Sparse Ratio: 0
Direction: South
----------------
Congested clusters found at Level 0
Effective congestion level: 0 Aspect Ratio: 1 Sparse Ratio: 0
Direction: East
----------------
Congested clusters found at Level 0
Effective congestion level: 0 Aspect Ratio: 1 Sparse Ratio: 0
Direction: West
----------------
Congested clusters found at Level 0
Effective congestion level: 0 Aspect Ratio: 1 Sparse Ratio: 0

Phase 7 Route finalize | Checksum: e6a9a55e

Time (s): cpu = 00:00:05 ; elapsed = 00:00:05 . Memory (MB): peak = 2935.375 ; gain = 36.723

Phase 8 Verifying routed nets

 Verification completed successfully
Phase 8 Verifying routed nets | Checksum: e6a9a55e

Time (s): cpu = 00:00:05 ; elapsed = 00:00:05 . Memory (MB): peak = 2935.375 ; gain = 36.723

Phase 9 Depositing Routes
Phase 9 Depositing Routes | Checksum: 131c54eeb

Time (s): cpu = 00:00:05 ; elapsed = 00:00:05 . Memory (MB): peak = 2935.375 ; gain = 36.723
INFO: [Route 35-16] Router Completed Successfully

Phase 10 Post-Route Event Processing
Phase 10 Post-Route Event Processing | Checksum: c87b46a8

Time (s): cpu = 00:00:05 ; elapsed = 00:00:05 . Memory (MB): peak = 2935.375 ; gain = 36.723

Time (s): cpu = 00:00:05 ; elapsed = 00:00:05 . Memory (MB): peak = 2935.375 ; gain = 36.723

Routing Is Done.
INFO: [Common 17-83] Releasing license: Implementation
57 Infos, 1 Warnings, 0 Critical Warnings and 0 Errors encountered.
route_design completed successfully
route_design: Time (s): cpu = 00:00:06 ; elapsed = 00:00:06 . Memory (MB): peak = 2935.375 ; gain = 46.848
INFO: [runtcl-4] Executing : report_drc -file scene_engine_top_drc_routed.rpt -pb scene_engine_top_drc_routed.pb -rpx scene_engine_top_drc_routed.rpx
Command: report_drc -file scene_engine_top_drc_routed.rpt -pb scene_engine_top_drc_routed.pb -rpx scene_engine_top_drc_routed.rpx
INFO: [IP_Flow 19-1839] IP Catalog is up to date.
INFO: [DRC 23-27] Running DRC with 2 threads
INFO: [Vivado_Tcl 2-168] The results of DRC are in file C:/Users/khuon/ECE520/final_project/phase2_scene_sim/phase2_scene_sim.runs/impl_1/scene_engine_top_drc_routed.rpt.
report_drc completed successfully
INFO: [runtcl-4] Executing : report_methodology -file scene_engine_top_methodology_drc_routed.rpt -pb scene_engine_top_methodology_drc_routed.pb -rpx scene_engine_top_methodology_drc_routed.rpx
Command: report_methodology -file scene_engine_top_methodology_drc_routed.rpt -pb scene_engine_top_methodology_drc_routed.pb -rpx scene_engine_top_methodology_drc_routed.rpx
INFO: [Timing 38-35] Done setting XDC timing constraints.
INFO: [DRC 23-133] Running Methodology with 2 threads
INFO: [Vivado_Tcl 2-1520] The results of Report Methodology are in file C:/Users/khuon/ECE520/final_project/phase2_scene_sim/phase2_scene_sim.runs/impl_1/scene_engine_top_methodology_drc_routed.rpt.
report_methodology completed successfully
INFO: [runtcl-4] Executing : report_power -file scene_engine_top_power_routed.rpt -pb scene_engine_top_power_summary_routed.pb -rpx scene_engine_top_power_routed.rpx
Command: report_power -file scene_engine_top_power_routed.rpt -pb scene_engine_top_power_summary_routed.pb -rpx scene_engine_top_power_routed.rpx
INFO: [Timing 38-35] Done setting XDC timing constraints.
WARNING: [Power 33-232] No user defined clocks were found in the design! Power estimation will be inaccurate until this is corrected.
Resolution: Please specify clocks using create_clock/create_generated_clock for sequential elements. For pure combinatorial circuits, please specify a virtual clock, otherwise the vectorless estimation might be inaccurate
Running Vector-less Activity Propagation...

Finished Running Vector-less Activity Propagation
67 Infos, 2 Warnings, 0 Critical Warnings and 0 Errors encountered.
report_power completed successfully
INFO: [runtcl-4] Executing : report_route_status -file scene_engine_top_route_status.rpt -pb scene_engine_top_route_status.pb
INFO: [runtcl-4] Executing : report_timing_summary -max_paths 10 -report_unconstrained -file scene_engine_top_timing_summary_routed.rpt -pb scene_engine_top_timing_summary_routed.pb -rpx scene_engine_top_timing_summary_routed.rpx -warn_on_violation 
INFO: [Timing 38-91] UpdateTimingParams: Speed grade: -1, Delay Type: min_max.
INFO: [Timing 38-191] Multithreading enabled for timing update using a maximum of 2 CPUs
WARNING: [Timing 38-313] There are no user specified timing constraints. Timing constraints are needed for proper timing analysis.
INFO: [runtcl-4] Executing : report_incremental_reuse -file scene_engine_top_incremental_reuse_routed.rpt
INFO: [Vivado_Tcl 4-1062] Incremental flow is disabled. No incremental reuse Info to report.
INFO: [runtcl-4] Executing : report_clock_utilization -file scene_engine_top_clock_utilization_routed.rpt
INFO: [runtcl-4] Executing : report_bus_skew -warn_on_violation -file scene_engine_top_bus_skew_routed.rpt -pb scene_engine_top_bus_skew_routed.pb -rpx scene_engine_top_bus_skew_routed.rpx
INFO: [Timing 38-91] UpdateTimingParams: Speed grade: -1, Delay Type: min_max.
INFO: [Timing 38-191] Multithreading enabled for timing update using a maximum of 2 CPUs
Writing XDEF routing.
Writing XDEF routing logical nets.
Writing XDEF routing special nets.
Write XDEF Complete: Time (s): cpu = 00:00:00 ; elapsed = 00:00:00.039 . Memory (MB): peak = 2977.133 ; gain = 1.105
INFO: [Common 17-1381] The checkpoint 'C:/Users/khuon/ECE520/final_project/phase2_scene_sim/phase2_scene_sim.runs/impl_1/scene_engine_top_routed.dcp' has been generated.
Command: write_bitstream -force scene_engine_top.bit
Attempting to get a license for feature 'Implementation' and/or device 'xc7z010'
INFO: [Common 17-349] Got license for feature 'Implementation' and/or device 'xc7z010'
Running DRC as a precondition to command write_bitstream
INFO: [IP_Flow 19-1839] IP Catalog is up to date.
INFO: [DRC 23-27] Running DRC with 2 threads
ERROR: [DRC NSTD-1] Unspecified I/O Standard: 90 out of 90 logical ports use I/O standard (IOSTANDARD) value 'DEFAULT', instead of a user assigned specific value. This may cause I/O contention or incompatibility with the board power or connectivity affecting performance, signal integrity or in extreme cases cause damage to the device or the components to which it is connected. To correct this violation, specify all I/O standards. This design will fail to generate a bitstream unless all logical ports have a user specified I/O standard value defined. To allow bitstream creation with unspecified I/O standard values (not recommended), use this command: set_property SEVERITY {Warning} [get_drc_checks NSTD-1].  NOTE: When using the Vivado Runs infrastructure (e.g. launch_runs Tcl command), add this command to a .tcl file and add that file as a pre-hook for write_bitstream step for the implementation run. Problem ports: amplitude[15], amplitude[14], amplitude[13], amplitude[12], amplitude[11], amplitude[10], amplitude[9], amplitude[8], amplitude[7], b[3:0], energy_high[15:0], energy_low[15:0], energy_mid[15], energy_mid[14], energy_mid[13]... and (the first 15 of 25 listed).
ERROR: [DRC UCIO-1] Unconstrained Logical Port: 90 out of 90 logical ports have no user assigned specific location constraint (LOC). This may cause I/O contention or incompatibility with the board power or connectivity affecting performance, signal integrity or in extreme cases cause damage to the device or the components to which it is connected. To correct this violation, specify all pin locations. This design will fail to generate a bitstream unless all logical ports have a user specified site LOC constraint defined.  To allow bitstream creation with unspecified pin locations (not recommended), use this command: set_property SEVERITY {Warning} [get_drc_checks UCIO-1].  NOTE: When using the Vivado Runs infrastructure (e.g. launch_runs Tcl command), add this command to a .tcl file and add that file as a pre-hook for write_bitstream step for the implementation run.  Problem ports: amplitude[15], amplitude[14], amplitude[13], amplitude[12], amplitude[11], amplitude[10], amplitude[9], amplitude[8], amplitude[7], b[3:0], energy_high[15:0], energy_low[15:0], energy_mid[15], energy_mid[14], energy_mid[13]... and (the first 15 of 25 listed).
WARNING: [DRC DPIP-1] Input pipelining: DSP u_scene2/scaled_energy input u_scene2/scaled_energy/A[29:0] is not pipelined. Pipelining DSP48 input will improve performance.
WARNING: [DRC DPIP-1] Input pipelining: DSP u_scene2/scaled_energy input u_scene2/scaled_energy/B[17:0] is not pipelined. Pipelining DSP48 input will improve performance.
WARNING: [DRC DPOP-1] PREG Output pipelining: DSP u_scene2/scaled_energy output u_scene2/scaled_energy/P[47:0] is not pipelined (PREG=0). Pipelining the DSP48 output will improve performance and often saves power so it is suggested whenever possible to fully pipeline this function.  If this DSP48 function was inferred, it is suggested to describe an additional register stage after this function.  If the DSP48 was instantiated in the design, it is suggested to set the PREG attribute to 1.
WARNING: [DRC DPOP-2] MREG Output pipelining: DSP u_scene2/scaled_energy multiplier stage u_scene2/scaled_energy/P[47:0] is not pipelined (MREG=0). Pipelining the multiplier function will improve performance and will save significant power so it is suggested whenever possible to fully pipeline this function.  If this multiplier was inferred, it is suggested to describe an additional register stage after this function.  If there is no registered adder/accumulator following the multiply function, two pipeline stages are suggested to allow both the MREG and PREG registers to be used.  If the DSP48 was instantiated in the design, it is suggested to set both the MREG and PREG attributes to 1 when performing multiply functions.
WARNING: [DRC ZPS7-1] PS7 block required: The PS7 cell must be used in this Zynq design in order to enable correct default configuration.
INFO: [Vivado 12-3199] DRC finished with 2 Errors, 5 Warnings
INFO: [Vivado 12-3200] Please refer to the DRC report (report_drc) for more information.
ERROR: [Vivado 12-1345] Error(s) found during DRC. Bitgen not run.
INFO: [Common 17-83] Releasing license: Implementation
10 Infos, 5 Warnings, 0 Critical Warnings and 3 Errors encountered.
write_bitstream failed
ERROR: [Common 17-39] 'write_bitstream' failed due to earlier errors.

INFO: [Common 17-206] Exiting Vivado at Sat May  2 04:24:12 2026...
