Copyright 1986-2022 Xilinx, Inc. All Rights Reserved. Copyright 2022-2023 Advanced Micro Devices, Inc. All Rights Reserved.
---------------------------------------------------------------------------------------------------------------------------------------------------------------------------------------------------------------------------------------------
| Tool Version : Vivado v.2023.1 (win64) Build 3865809 Sun May  7 15:05:29 MDT 2023
| Date         : Sat May  2 04:24:11 2026
| Host         : GN9HD17Q running 64-bit major release  (build 9200)
| Command      : report_timing_summary -max_paths 10 -report_unconstrained -file scene_engine_top_timing_summary_routed.rpt -pb scene_engine_top_timing_summary_routed.pb -rpx scene_engine_top_timing_summary_routed.rpx -warn_on_violation
| Design       : scene_engine_top
| Device       : 7z010-clg400
| Speed File   : -1  PRODUCTION 1.12 2019-11-22
| Design State : Routed
---------------------------------------------------------------------------------------------------------------------------------------------------------------------------------------------------------------------------------------------

Timing Summary Report

------------------------------------------------------------------------------------------------
| Timer Settings
| --------------
------------------------------------------------------------------------------------------------

  Enable Multi Corner Analysis               :  Yes
  Enable Pessimism Removal                   :  Yes
  Pessimism Removal Resolution               :  Nearest Common Node
  Enable Input Delay Default Clock           :  No
  Enable Preset / Clear Arcs                 :  No
  Disable Flight Delays                      :  No
  Ignore I/O Paths                           :  No
  Timing Early Launch at Borrowing Latches   :  No
  Borrow Time for Max Delay Exceptions       :  Yes
  Merge Timing Exceptions                    :  Yes

  Corner  Analyze    Analyze    
  Name    Max Paths  Min Paths  
  ------  ---------  ---------  
  Slow    Yes        Yes        
  Fast    Yes        Yes        


------------------------------------------------------------------------------------------------
| Report Methodology
| ------------------
------------------------------------------------------------------------------------------------

Rule       Severity          Description                  Violations  
---------  ----------------  ---------------------------  ----------  
TIMING-17  Critical Warning  Non-clocked sequential cell  74          

Note: This report is based on the most recent report_methodology run and may not be up-to-date. Run report_methodology on the current design for the latest report.



check_timing report

Table of Contents
-----------------
1. checking no_clock (74)
2. checking constant_clock (0)
3. checking pulse_width_clock (0)
4. checking unconstrained_internal_endpoints (148)
5. checking no_input_delay (75)
6. checking no_output_delay (12)
7. checking multiple_clock (0)
8. checking generated_clocks (0)
9. checking loops (0)
10. checking partial_input_delay (0)
11. checking partial_output_delay (0)
12. checking latch_loops (0)

1. checking no_clock (74)
-------------------------
 There are 74 register/latch pins with no clock driven by root clock pin: clk (HIGH)


2. checking constant_clock (0)
------------------------------
 There are 0 register/latch pins with constant_clock.


3. checking pulse_width_clock (0)
---------------------------------
 There are 0 register/latch pins which need pulse_width check


4. checking unconstrained_internal_endpoints (148)
--------------------------------------------------
 There are 148 pins that are not constrained for maximum delay. (HIGH)

 There are 0 pins that are not constrained for maximum delay due to constant clock.


5. checking no_input_delay (75)
-------------------------------
 There are 75 input ports with no input delay specified. (HIGH)

 There are 0 input ports with no input delay but user has a false path constraint.


6. checking no_output_delay (12)
--------------------------------
 There are 12 ports with no output delay specified. (HIGH)

 There are 0 ports with no output delay but user has a false path constraint

 There are 0 ports with no output delay but with a timing clock defined on it or propagating through it


7. checking multiple_clock (0)
------------------------------
 There are 0 register/latch pins with multiple clocks.


8. checking generated_clocks (0)
--------------------------------
 There are 0 generated clocks that are not connected to a clock source.


9. checking loops (0)
---------------------
 There are 0 combinational loops in the design.


10. checking partial_input_delay (0)
------------------------------------
 There are 0 input ports with partial input delay specified.


11. checking partial_output_delay (0)
-------------------------------------
 There are 0 ports with partial output delay specified.


12. checking latch_loops (0)
----------------------------
 There are 0 combinational latch loops in the design through latch input



------------------------------------------------------------------------------------------------
| Design Timing Summary
| ---------------------
------------------------------------------------------------------------------------------------

    WNS(ns)      TNS(ns)  TNS Failing Endpoints  TNS Total Endpoints      WHS(ns)      THS(ns)  THS Failing Endpoints  THS Total Endpoints     WPWS(ns)     TPWS(ns)  TPWS Failing Endpoints  TPWS Total Endpoints  
    -------      -------  ---------------------  -------------------      -------      -------  ---------------------  -------------------     --------     --------  ----------------------  --------------------  
        inf        0.000                      0                  160          inf        0.000                      0                  160           NA           NA                      NA                    NA  


There are no user specified timing constraints.


------------------------------------------------------------------------------------------------
| Clock Summary
| -------------
------------------------------------------------------------------------------------------------


------------------------------------------------------------------------------------------------
| Intra Clock Table
| -----------------
------------------------------------------------------------------------------------------------

Clock             WNS(ns)      TNS(ns)  TNS Failing Endpoints  TNS Total Endpoints      WHS(ns)      THS(ns)  THS Failing Endpoints  THS Total Endpoints     WPWS(ns)     TPWS(ns)  TPWS Failing Endpoints  TPWS Total Endpoints  
-----             -------      -------  ---------------------  -------------------      -------      -------  ---------------------  -------------------     --------     --------  ----------------------  --------------------  


------------------------------------------------------------------------------------------------
| Inter Clock Table
| -----------------
------------------------------------------------------------------------------------------------

From Clock    To Clock          WNS(ns)      TNS(ns)  TNS Failing Endpoints  TNS Total Endpoints      WHS(ns)      THS(ns)  THS Failing Endpoints  THS Total Endpoints  
----------    --------          -------      -------  ---------------------  -------------------      -------      -------  ---------------------  -------------------  


------------------------------------------------------------------------------------------------
| Other Path Groups Table
| -----------------------
------------------------------------------------------------------------------------------------

Path Group    From Clock    To Clock          WNS(ns)      TNS(ns)  TNS Failing Endpoints  TNS Total Endpoints      WHS(ns)      THS(ns)  THS Failing Endpoints  THS Total Endpoints  
----------    ----------    --------          -------      -------  ---------------------  -------------------      -------      -------  ---------------------  -------------------  


------------------------------------------------------------------------------------------------
| User Ignored Path Table
| -----------------------
------------------------------------------------------------------------------------------------

Path Group    From Clock    To Clock    
----------    ----------    --------    


------------------------------------------------------------------------------------------------
| Unconstrained Path Table
| ------------------------
------------------------------------------------------------------------------------------------

Path Group    From Clock    To Clock    
----------    ----------    --------    
(none)                                    


------------------------------------------------------------------------------------------------
| Timing Details
| --------------
------------------------------------------------------------------------------------------------


--------------------------------------------------------------------------------------
Path Group:  (none)
From Clock:  
  To Clock:  

Max Delay           160 Endpoints
Min Delay           160 Endpoints
--------------------------------------------------------------------------------------


Max Delay Paths
--------------------------------------------------------------------------------------
Slack:                    inf
  Source:                 sensitivity[6]
                            (input port)
  Destination:            u_scene2/g_reg[1]/D
  Path Group:             (none)
  Path Type:              Max at Slow Process Corner
  Data Path Delay:        15.480ns  (logic 6.399ns (41.338%)  route 9.081ns (58.662%))
  Logic Levels:           9  (CARRY4=2 DSP48E1=1 IBUF=1 LUT4=1 LUT5=1 LUT6=3)

    Location             Delay type                Incr(ns)  Path(ns)    Netlist Resource(s)
  -------------------------------------------------------------------    -------------------
    F16                                               0.000     0.000 r  sensitivity[6] (IN)
                         net (fo=0)                   0.000     0.000    sensitivity[6]
    F16                  IBUF (Prop_ibuf_I_O)         0.944     0.944 r  sensitivity_IBUF[6]_inst/O
                         net (fo=1, routed)           1.899     2.844    u_scene2/B[6]
    DSP48_X1Y28          DSP48E1 (Prop_dsp48e1_B[6]_P[18])
                                                      3.656     6.500 r  u_scene2/scaled_energy/P[18]
                         net (fo=3, routed)           3.060     9.560    u_scene2/scaled_energy__0[18]
    SLICE_X42Y33         LUT5 (Prop_lut5_I0_O)        0.152     9.712 r  u_scene2/g[1]_i_3/O
                         net (fo=3, routed)           0.589    10.301    u_scene2/g[1]_i_3_n_0
    SLICE_X41Y33         LUT6 (Prop_lut6_I0_O)        0.348    10.649 r  u_scene2/in_bar_carry_i_9/O
                         net (fo=2, routed)           0.817    11.466    u_scene2/in_bar_carry_i_9_n_0
    SLICE_X41Y32         LUT6 (Prop_lut6_I2_O)        0.124    11.590 r  u_scene2/in_bar_carry_i_1/O
                         net (fo=1, routed)           0.404    11.994    u_scene2/in_bar_carry_i_1_n_0
    SLICE_X40Y32         CARRY4 (Prop_carry4_DI[3]_CO[3])
                                                      0.385    12.379 r  u_scene2/in_bar_carry/CO[3]
                         net (fo=1, routed)           0.000    12.379    u_scene2/in_bar_carry_n_0
    SLICE_X40Y33         CARRY4 (Prop_carry4_CI_CO[0])
                                                      0.271    12.650 r  u_scene2/in_bar_carry__0/CO[0]
                         net (fo=1, routed)           0.673    13.323    u_scene2/in_bar_carry__0_n_3
    SLICE_X41Y24         LUT6 (Prop_lut6_I0_O)        0.373    13.696 r  u_scene2/r[0]_i_2/O
                         net (fo=7, routed)           1.638    15.334    u_scene2/in_gap0__23_carry_0
    SLICE_X42Y33         LUT4 (Prop_lut4_I1_O)        0.146    15.480 r  u_scene2/g[1]_i_1/O
                         net (fo=1, routed)           0.000    15.480    u_scene2/g[1]_i_1_n_0
    SLICE_X42Y33         FDCE                                         r  u_scene2/g_reg[1]/D
  -------------------------------------------------------------------    -------------------

Slack:                    inf
  Source:                 sensitivity[6]
                            (input port)
  Destination:            u_scene2/g_reg[0]/D
  Path Group:             (none)
  Path Type:              Max at Slow Process Corner
  Data Path Delay:        15.458ns  (logic 6.377ns (41.255%)  route 9.081ns (58.745%))
  Logic Levels:           9  (CARRY4=2 DSP48E1=1 IBUF=1 LUT4=1 LUT5=1 LUT6=3)

    Location             Delay type                Incr(ns)  Path(ns)    Netlist Resource(s)
  -------------------------------------------------------------------    -------------------
    F16                                               0.000     0.000 r  sensitivity[6] (IN)
                         net (fo=0)                   0.000     0.000    sensitivity[6]
    F16                  IBUF (Prop_ibuf_I_O)         0.944     0.944 r  sensitivity_IBUF[6]_inst/O
                         net (fo=1, routed)           1.899     2.844    u_scene2/B[6]
    DSP48_X1Y28          DSP48E1 (Prop_dsp48e1_B[6]_P[18])
                                                      3.656     6.500 r  u_scene2/scaled_energy/P[18]
                         net (fo=3, routed)           3.060     9.560    u_scene2/scaled_energy__0[18]
    SLICE_X42Y33         LUT5 (Prop_lut5_I0_O)        0.152     9.712 r  u_scene2/g[1]_i_3/O
                         net (fo=3, routed)           0.589    10.301    u_scene2/g[1]_i_3_n_0
    SLICE_X41Y33         LUT6 (Prop_lut6_I0_O)        0.348    10.649 r  u_scene2/in_bar_carry_i_9/O
                         net (fo=2, routed)           0.817    11.466    u_scene2/in_bar_carry_i_9_n_0
    SLICE_X41Y32         LUT6 (Prop_lut6_I2_O)        0.124    11.590 r  u_scene2/in_bar_carry_i_1/O
                         net (fo=1, routed)           0.404    11.994    u_scene2/in_bar_carry_i_1_n_0
    SLICE_X40Y32         CARRY4 (Prop_carry4_DI[3]_CO[3])
                                                      0.385    12.379 r  u_scene2/in_bar_carry/CO[3]
                         net (fo=1, routed)           0.000    12.379    u_scene2/in_bar_carry_n_0
    SLICE_X40Y33         CARRY4 (Prop_carry4_CI_CO[0])
                                                      0.271    12.650 r  u_scene2/in_bar_carry__0/CO[0]
                         net (fo=1, routed)           0.673    13.323    u_scene2/in_bar_carry__0_n_3
    SLICE_X41Y24         LUT6 (Prop_lut6_I0_O)        0.373    13.696 r  u_scene2/r[0]_i_2/O
                         net (fo=7, routed)           1.638    15.334    u_scene2/in_gap0__23_carry_0
    SLICE_X42Y33         LUT4 (Prop_lut4_I1_O)        0.124    15.458 r  u_scene2/g[0]_i_1/O
                         net (fo=1, routed)           0.000    15.458    u_scene2/g[0]_i_1_n_0
    SLICE_X42Y33         FDCE                                         r  u_scene2/g_reg[0]/D
  -------------------------------------------------------------------    -------------------

Slack:                    inf
  Source:                 sensitivity[6]
                            (input port)
  Destination:            u_scene4/r_reg[0]/D
  Path Group:             (none)
  Path Type:              Max at Slow Process Corner
  Data Path Delay:        15.230ns  (logic 6.405ns (42.058%)  route 8.825ns (57.942%))
  Logic Levels:           9  (CARRY4=2 DSP48E1=1 IBUF=1 LUT5=2 LUT6=3)

    Location             Delay type                Incr(ns)  Path(ns)    Netlist Resource(s)
  -------------------------------------------------------------------    -------------------
    F16                                               0.000     0.000 r  sensitivity[6] (IN)
                         net (fo=0)                   0.000     0.000    sensitivity[6]
    F16                  IBUF (Prop_ibuf_I_O)         0.944     0.944 r  sensitivity_IBUF[6]_inst/O
                         net (fo=1, routed)           1.899     2.844    u_scene2/B[6]
    DSP48_X1Y28          DSP48E1 (Prop_dsp48e1_B[6]_P[18])
                                                      3.656     6.500 r  u_scene2/scaled_energy/P[18]
                         net (fo=3, routed)           3.060     9.560    u_scene2/scaled_energy__0[18]
    SLICE_X42Y33         LUT5 (Prop_lut5_I0_O)        0.152     9.712 r  u_scene2/g[1]_i_3/O
                         net (fo=3, routed)           0.589    10.301    u_scene2/g[1]_i_3_n_0
    SLICE_X41Y33         LUT6 (Prop_lut6_I0_O)        0.348    10.649 r  u_scene2/in_bar_carry_i_9/O
                         net (fo=2, routed)           0.817    11.466    u_scene2/in_bar_carry_i_9_n_0
    SLICE_X41Y32         LUT6 (Prop_lut6_I2_O)        0.124    11.590 r  u_scene2/in_bar_carry_i_1/O
                         net (fo=1, routed)           0.404    11.994    u_scene2/in_bar_carry_i_1_n_0
    SLICE_X40Y32         CARRY4 (Prop_carry4_DI[3]_CO[3])
                                                      0.385    12.379 r  u_scene2/in_bar_carry/CO[3]
                         net (fo=1, routed)           0.000    12.379    u_scene2/in_bar_carry_n_0
    SLICE_X40Y33         CARRY4 (Prop_carry4_CI_CO[0])
                                                      0.271    12.650 r  u_scene2/in_bar_carry__0/CO[0]
                         net (fo=1, routed)           0.673    13.323    u_scene2/in_bar_carry__0_n_3
    SLICE_X41Y24         LUT6 (Prop_lut6_I0_O)        0.373    13.696 r  u_scene2/r[0]_i_2/O
                         net (fo=7, routed)           1.382    15.078    u_scene2/in_gap0__23_carry_0
    SLICE_X41Y33         LUT5 (Prop_lut5_I0_O)        0.152    15.230 r  u_scene2/r[0]_i_1/O
                         net (fo=1, routed)           0.000    15.230    u_scene4/D[0]
    SLICE_X41Y33         FDCE                                         r  u_scene4/r_reg[0]/D
  -------------------------------------------------------------------    -------------------

Slack:                    inf
  Source:                 sensitivity[6]
                            (input port)
  Destination:            u_scene4/g_reg[1]/D
  Path Group:             (none)
  Path Type:              Max at Slow Process Corner
  Data Path Delay:        15.202ns  (logic 6.377ns (41.951%)  route 8.825ns (58.049%))
  Logic Levels:           9  (CARRY4=2 DSP48E1=1 IBUF=1 LUT4=1 LUT5=1 LUT6=3)

    Location             Delay type                Incr(ns)  Path(ns)    Netlist Resource(s)
  -------------------------------------------------------------------    -------------------
    F16                                               0.000     0.000 r  sensitivity[6] (IN)
                         net (fo=0)                   0.000     0.000    sensitivity[6]
    F16                  IBUF (Prop_ibuf_I_O)         0.944     0.944 r  sensitivity_IBUF[6]_inst/O
                         net (fo=1, routed)           1.899     2.844    u_scene2/B[6]
    DSP48_X1Y28          DSP48E1 (Prop_dsp48e1_B[6]_P[18])
                                                      3.656     6.500 r  u_scene2/scaled_energy/P[18]
                         net (fo=3, routed)           3.060     9.560    u_scene2/scaled_energy__0[18]
    SLICE_X42Y33         LUT5 (Prop_lut5_I0_O)        0.152     9.712 r  u_scene2/g[1]_i_3/O
                         net (fo=3, routed)           0.589    10.301    u_scene2/g[1]_i_3_n_0
    SLICE_X41Y33         LUT6 (Prop_lut6_I0_O)        0.348    10.649 r  u_scene2/in_bar_carry_i_9/O
                         net (fo=2, routed)           0.817    11.466    u_scene2/in_bar_carry_i_9_n_0
    SLICE_X41Y32         LUT6 (Prop_lut6_I2_O)        0.124    11.590 r  u_scene2/in_bar_carry_i_1/O
                         net (fo=1, routed)           0.404    11.994    u_scene2/in_bar_carry_i_1_n_0
    SLICE_X40Y32         CARRY4 (Prop_carry4_DI[3]_CO[3])
                                                      0.385    12.379 r  u_scene2/in_bar_carry/CO[3]
                         net (fo=1, routed)           0.000    12.379    u_scene2/in_bar_carry_n_0
    SLICE_X40Y33         CARRY4 (Prop_carry4_CI_CO[0])
                                                      0.271    12.650 r  u_scene2/in_bar_carry__0/CO[0]
                         net (fo=1, routed)           0.673    13.323    u_scene2/in_bar_carry__0_n_3
    SLICE_X41Y24         LUT6 (Prop_lut6_I0_O)        0.373    13.696 r  u_scene2/r[0]_i_2/O
                         net (fo=7, routed)           1.382    15.078    u_scene2/in_gap0__23_carry_0
    SLICE_X41Y33         LUT4 (Prop_lut4_I2_O)        0.124    15.202 r  u_scene2/g[1]_i_1__0/O
                         net (fo=1, routed)           0.000    15.202    u_scene4/g_reg[1]_0[0]
    SLICE_X41Y33         FDCE                                         r  u_scene4/g_reg[1]/D
  -------------------------------------------------------------------    -------------------

Slack:                    inf
  Source:                 sensitivity[6]
                            (input port)
  Destination:            u_scene4/b_reg[1]/D
  Path Group:             (none)
  Path Type:              Max at Slow Process Corner
  Data Path Delay:        15.036ns  (logic 6.405ns (42.601%)  route 8.630ns (57.399%))
  Logic Levels:           9  (CARRY4=2 DSP48E1=1 IBUF=1 LUT4=1 LUT5=1 LUT6=3)

    Location             Delay type                Incr(ns)  Path(ns)    Netlist Resource(s)
  -------------------------------------------------------------------    -------------------
    F16                                               0.000     0.000 r  sensitivity[6] (IN)
                         net (fo=0)                   0.000     0.000    sensitivity[6]
    F16                  IBUF (Prop_ibuf_I_O)         0.944     0.944 r  sensitivity_IBUF[6]_inst/O
                         net (fo=1, routed)           1.899     2.844    u_scene2/B[6]
    DSP48_X1Y28          DSP48E1 (Prop_dsp48e1_B[6]_P[18])
                                                      3.656     6.500 r  u_scene2/scaled_energy/P[18]
                         net (fo=3, routed)           3.060     9.560    u_scene2/scaled_energy__0[18]
    SLICE_X42Y33         LUT5 (Prop_lut5_I0_O)        0.152     9.712 r  u_scene2/g[1]_i_3/O
                         net (fo=3, routed)           0.589    10.301    u_scene2/g[1]_i_3_n_0
    SLICE_X41Y33         LUT6 (Prop_lut6_I0_O)        0.348    10.649 r  u_scene2/in_bar_carry_i_9/O
                         net (fo=2, routed)           0.817    11.466    u_scene2/in_bar_carry_i_9_n_0
    SLICE_X41Y32         LUT6 (Prop_lut6_I2_O)        0.124    11.590 r  u_scene2/in_bar_carry_i_1/O
                         net (fo=1, routed)           0.404    11.994    u_scene2/in_bar_carry_i_1_n_0
    SLICE_X40Y32         CARRY4 (Prop_carry4_DI[3]_CO[3])
                                                      0.385    12.379 r  u_scene2/in_bar_carry/CO[3]
                         net (fo=1, routed)           0.000    12.379    u_scene2/in_bar_carry_n_0
    SLICE_X40Y33         CARRY4 (Prop_carry4_CI_CO[0])
                                                      0.271    12.650 r  u_scene2/in_bar_carry__0/CO[0]
                         net (fo=1, routed)           0.673    13.323    u_scene2/in_bar_carry__0_n_3
    SLICE_X41Y24         LUT6 (Prop_lut6_I0_O)        0.373    13.696 r  u_scene2/r[0]_i_2/O
                         net (fo=7, routed)           1.188    14.884    u_scene2/in_gap0__23_carry_0
    SLICE_X42Y31         LUT4 (Prop_lut4_I1_O)        0.152    15.036 r  u_scene2/b[1]_i_1/O
                         net (fo=1, routed)           0.000    15.036    u_scene4/b_reg[1]_0
    SLICE_X42Y31         FDCE                                         r  u_scene4/b_reg[1]/D
  -------------------------------------------------------------------    -------------------

Slack:                    inf
  Source:                 sensitivity[6]
                            (input port)
  Destination:            u_scene2/r_reg[0]/D
  Path Group:             (none)
  Path Type:              Max at Slow Process Corner
  Data Path Delay:        15.008ns  (logic 6.377ns (42.494%)  route 8.630ns (57.506%))
  Logic Levels:           9  (CARRY4=2 DSP48E1=1 IBUF=1 LUT2=1 LUT5=1 LUT6=3)

    Location             Delay type                Incr(ns)  Path(ns)    Netlist Resource(s)
  -------------------------------------------------------------------    -------------------
    F16                                               0.000     0.000 r  sensitivity[6] (IN)
                         net (fo=0)                   0.000     0.000    sensitivity[6]
    F16                  IBUF (Prop_ibuf_I_O)         0.944     0.944 r  sensitivity_IBUF[6]_inst/O
                         net (fo=1, routed)           1.899     2.844    u_scene2/B[6]
    DSP48_X1Y28          DSP48E1 (Prop_dsp48e1_B[6]_P[18])
                                                      3.656     6.500 r  u_scene2/scaled_energy/P[18]
                         net (fo=3, routed)           3.060     9.560    u_scene2/scaled_energy__0[18]
    SLICE_X42Y33         LUT5 (Prop_lut5_I0_O)        0.152     9.712 r  u_scene2/g[1]_i_3/O
                         net (fo=3, routed)           0.589    10.301    u_scene2/g[1]_i_3_n_0
    SLICE_X41Y33         LUT6 (Prop_lut6_I0_O)        0.348    10.649 r  u_scene2/in_bar_carry_i_9/O
                         net (fo=2, routed)           0.817    11.466    u_scene2/in_bar_carry_i_9_n_0
    SLICE_X41Y32         LUT6 (Prop_lut6_I2_O)        0.124    11.590 r  u_scene2/in_bar_carry_i_1/O
                         net (fo=1, routed)           0.404    11.994    u_scene2/in_bar_carry_i_1_n_0
    SLICE_X40Y32         CARRY4 (Prop_carry4_DI[3]_CO[3])
                                                      0.385    12.379 r  u_scene2/in_bar_carry/CO[3]
                         net (fo=1, routed)           0.000    12.379    u_scene2/in_bar_carry_n_0
    SLICE_X40Y33         CARRY4 (Prop_carry4_CI_CO[0])
                                                      0.271    12.650 r  u_scene2/in_bar_carry__0/CO[0]
                         net (fo=1, routed)           0.673    13.323    u_scene2/in_bar_carry__0_n_3
    SLICE_X41Y24         LUT6 (Prop_lut6_I0_O)        0.373    13.696 r  u_scene2/r[0]_i_2/O
                         net (fo=7, routed)           1.188    14.884    u_scene2/in_gap0__23_carry_0
    SLICE_X42Y31         LUT2 (Prop_lut2_I0_O)        0.124    15.008 r  u_scene2/r[0]_i_1__2/O
                         net (fo=1, routed)           0.000    15.008    u_scene2/r[0]_i_1__2_n_0
    SLICE_X42Y31         FDCE                                         r  u_scene2/r_reg[0]/D
  -------------------------------------------------------------------    -------------------

Slack:                    inf
  Source:                 sensitivity[6]
                            (input port)
  Destination:            u_scene4/g_reg[3]/D
  Path Group:             (none)
  Path Type:              Max at Slow Process Corner
  Data Path Delay:        14.854ns  (logic 6.403ns (43.108%)  route 8.451ns (56.892%))
  Logic Levels:           9  (CARRY4=2 DSP48E1=1 IBUF=1 LUT5=2 LUT6=3)

    Location             Delay type                Incr(ns)  Path(ns)    Netlist Resource(s)
  -------------------------------------------------------------------    -------------------
    F16                                               0.000     0.000 r  sensitivity[6] (IN)
                         net (fo=0)                   0.000     0.000    sensitivity[6]
    F16                  IBUF (Prop_ibuf_I_O)         0.944     0.944 r  sensitivity_IBUF[6]_inst/O
                         net (fo=1, routed)           1.899     2.844    u_scene2/B[6]
    DSP48_X1Y28          DSP48E1 (Prop_dsp48e1_B[6]_P[18])
                                                      3.656     6.500 r  u_scene2/scaled_energy/P[18]
                         net (fo=3, routed)           3.060     9.560    u_scene2/scaled_energy__0[18]
    SLICE_X42Y33         LUT5 (Prop_lut5_I0_O)        0.152     9.712 r  u_scene2/g[1]_i_3/O
                         net (fo=3, routed)           0.589    10.301    u_scene2/g[1]_i_3_n_0
    SLICE_X41Y33         LUT6 (Prop_lut6_I0_O)        0.348    10.649 r  u_scene2/in_bar_carry_i_9/O
                         net (fo=2, routed)           0.817    11.466    u_scene2/in_bar_carry_i_9_n_0
    SLICE_X41Y32         LUT6 (Prop_lut6_I2_O)        0.124    11.590 r  u_scene2/in_bar_carry_i_1/O
                         net (fo=1, routed)           0.404    11.994    u_scene2/in_bar_carry_i_1_n_0
    SLICE_X40Y32         CARRY4 (Prop_carry4_DI[3]_CO[3])
                                                      0.385    12.379 r  u_scene2/in_bar_carry/CO[3]
                         net (fo=1, routed)           0.000    12.379    u_scene2/in_bar_carry_n_0
    SLICE_X40Y33         CARRY4 (Prop_carry4_CI_CO[0])
                                                      0.271    12.650 r  u_scene2/in_bar_carry__0/CO[0]
                         net (fo=1, routed)           0.673    13.323    u_scene2/in_bar_carry__0_n_3
    SLICE_X41Y24         LUT6 (Prop_lut6_I0_O)        0.373    13.696 r  u_scene2/r[0]_i_2/O
                         net (fo=7, routed)           1.008    14.704    u_scene4/g_reg[3]_0
    SLICE_X41Y32         LUT5 (Prop_lut5_I4_O)        0.150    14.854 r  u_scene4/g[3]_i_1/O
                         net (fo=1, routed)           0.000    14.854    u_scene4/g[3]_i_1_n_0
    SLICE_X41Y32         FDCE                                         r  u_scene4/g_reg[3]/D
  -------------------------------------------------------------------    -------------------

Slack:                    inf
  Source:                 amplitude[7]
                            (input port)
  Destination:            u_scene1/r_reg[3]/D
  Path Group:             (none)
  Path Type:              Max at Slow Process Corner
  Data Path Delay:        9.587ns  (logic 2.795ns (29.151%)  route 6.793ns (70.849%))
  Logic Levels:           9  (CARRY4=2 IBUF=1 LUT4=2 LUT6=4)

    Location             Delay type                Incr(ns)  Path(ns)    Netlist Resource(s)
  -------------------------------------------------------------------    -------------------
    T19                                               0.000     0.000 f  amplitude[7] (IN)
                         net (fo=0)                   0.000     0.000    amplitude[7]
    T19                  IBUF (Prop_ibuf_I_O)         0.950     0.950 f  amplitude_IBUF[7]_inst/O
                         net (fo=10, routed)          2.535     3.485    u_scene1/amplitude_IBUF[0]
    SLICE_X41Y23         LUT6 (Prop_lut6_I3_O)        0.124     3.609 f  u_scene1/i__carry_i_8/O
                         net (fo=1, routed)           0.149     3.758    u_scene1/i__carry_i_8_n_0
    SLICE_X41Y23         LUT4 (Prop_lut4_I3_O)        0.124     3.882 f  u_scene1/i__carry_i_6__0/O
                         net (fo=29, routed)          1.707     5.589    u_scene1/i__carry_i_6__0_n_0
    SLICE_X41Y27         LUT6 (Prop_lut6_I3_O)        0.124     5.713 f  u_scene1/in_rect1_carry_i_10/O
                         net (fo=6, routed)           0.509     6.223    u_scene1/in_rect1_carry_i_10_n_0
    SLICE_X41Y27         LUT4 (Prop_lut4_I1_O)        0.118     6.341 r  u_scene1/i__carry_i_9/O
                         net (fo=4, routed)           0.338     6.679    u_scene1/i__carry_i_9_n_0
    SLICE_X41Y26         LUT6 (Prop_lut6_I1_O)        0.326     7.005 r  u_scene1/i__carry_i_1/O
                         net (fo=1, routed)           0.500     7.505    u_scene1/i__carry_i_1_n_0
    SLICE_X40Y26         CARRY4 (Prop_carry4_DI[3]_CO[3])
                                                      0.385     7.890 r  u_scene1/in_rect2_inferred__0/i__carry/CO[3]
                         net (fo=1, routed)           0.000     7.890    u_scene1/in_rect2_inferred__0/i__carry_n_0
    SLICE_X40Y27         CARRY4 (Prop_carry4_CI_CO[0])
                                                      0.271     8.161 r  u_scene1/in_rect2_inferred__0/i__carry__0/CO[0]
                         net (fo=5, routed)           1.054     9.214    u_scene1/in_rect2_inferred__0/i__carry__0_n_3
    SLICE_X42Y30         LUT6 (Prop_lut6_I2_O)        0.373     9.587 r  u_scene1/r[3]_i_1/O
                         net (fo=1, routed)           0.000     9.587    u_scene1/r[3]_i_1_n_0
    SLICE_X42Y30         FDCE                                         r  u_scene1/r_reg[3]/D
  -------------------------------------------------------------------    -------------------

Slack:                    inf
  Source:                 amplitude[7]
                            (input port)
  Destination:            u_scene1/b_reg[0]/D
  Path Group:             (none)
  Path Type:              Max at Slow Process Corner
  Data Path Delay:        9.533ns  (logic 2.599ns (27.262%)  route 6.934ns (72.738%))
  Logic Levels:           9  (CARRY4=2 IBUF=1 LUT4=2 LUT6=4)

    Location             Delay type                Incr(ns)  Path(ns)    Netlist Resource(s)
  -------------------------------------------------------------------    -------------------
    T19                                               0.000     0.000 r  amplitude[7] (IN)
                         net (fo=0)                   0.000     0.000    amplitude[7]
    T19                  IBUF (Prop_ibuf_I_O)         0.950     0.950 r  amplitude_IBUF[7]_inst/O
                         net (fo=10, routed)          2.535     3.485    u_scene1/amplitude_IBUF[0]
    SLICE_X41Y23         LUT6 (Prop_lut6_I3_O)        0.124     3.609 r  u_scene1/i__carry_i_8/O
                         net (fo=1, routed)           0.149     3.758    u_scene1/i__carry_i_8_n_0
    SLICE_X41Y23         LUT4 (Prop_lut4_I3_O)        0.124     3.882 r  u_scene1/i__carry_i_6__0/O
                         net (fo=29, routed)          1.707     5.589    u_scene1/i__carry_i_6__0_n_0
    SLICE_X41Y27         LUT6 (Prop_lut6_I3_O)        0.124     5.713 r  u_scene1/in_rect1_carry_i_10/O
                         net (fo=6, routed)           0.509     6.223    u_scene1/in_rect1_carry_i_10_n_0
    SLICE_X41Y27         LUT4 (Prop_lut4_I3_O)        0.124     6.347 r  u_scene1/in_rect1_carry_i_9/O
                         net (fo=2, routed)           0.554     6.900    u_scene1/in_rect1_carry_i_9_n_0
    SLICE_X41Y28         LUT6 (Prop_lut6_I1_O)        0.124     7.024 r  u_scene1/in_rect1_carry_i_1/O
                         net (fo=1, routed)           0.500     7.524    u_scene1/in_rect1_carry_i_1_n_0
    SLICE_X40Y28         CARRY4 (Prop_carry4_DI[3]_CO[3])
                                                      0.385     7.909 r  u_scene1/in_rect1_carry/CO[3]
                         net (fo=1, routed)           0.000     7.909    u_scene1/in_rect1_carry_n_0
    SLICE_X40Y29         CARRY4 (Prop_carry4_CI_CO[0])
                                                      0.271     8.180 f  u_scene1/in_rect1_carry__0/CO[0]
                         net (fo=5, routed)           0.980     9.160    u_scene1/in_rect1_carry__0_n_3
    SLICE_X41Y31         LUT6 (Prop_lut6_I2_O)        0.373     9.533 r  u_scene1/b[0]_i_1__0/O
                         net (fo=1, routed)           0.000     9.533    u_scene1/b[0]_i_1__0_n_0
    SLICE_X41Y31         FDCE                                         r  u_scene1/b_reg[0]/D
  -------------------------------------------------------------------    -------------------

Slack:                    inf
  Source:                 amplitude[7]
                            (input port)
  Destination:            u_scene1/r_reg[0]/D
  Path Group:             (none)
  Path Type:              Max at Slow Process Corner
  Data Path Delay:        9.532ns  (logic 2.599ns (27.264%)  route 6.933ns (72.736%))
  Logic Levels:           9  (CARRY4=2 IBUF=1 LUT4=2 LUT6=4)

    Location             Delay type                Incr(ns)  Path(ns)    Netlist Resource(s)
  -------------------------------------------------------------------    -------------------
    T19                                               0.000     0.000 r  amplitude[7] (IN)
                         net (fo=0)                   0.000     0.000    amplitude[7]
    T19                  IBUF (Prop_ibuf_I_O)         0.950     0.950 r  amplitude_IBUF[7]_inst/O
                         net (fo=10, routed)          2.535     3.485    u_scene1/amplitude_IBUF[0]
    SLICE_X41Y23         LUT6 (Prop_lut6_I3_O)        0.124     3.609 r  u_scene1/i__carry_i_8/O
                         net (fo=1, routed)           0.149     3.758    u_scene1/i__carry_i_8_n_0
    SLICE_X41Y23         LUT4 (Prop_lut4_I3_O)        0.124     3.882 r  u_scene1/i__carry_i_6__0/O
                         net (fo=29, routed)          1.707     5.589    u_scene1/i__carry_i_6__0_n_0
    SLICE_X41Y27         LUT6 (Prop_lut6_I3_O)        0.124     5.713 r  u_scene1/in_rect1_carry_i_10/O
                         net (fo=6, routed)           0.509     6.223    u_scene1/in_rect1_carry_i_10_n_0
    SLICE_X41Y27         LUT4 (Prop_lut4_I3_O)        0.124     6.347 r  u_scene1/in_rect1_carry_i_9/O
                         net (fo=2, routed)           0.554     6.900    u_scene1/in_rect1_carry_i_9_n_0
    SLICE_X41Y28         LUT6 (Prop_lut6_I1_O)        0.124     7.024 r  u_scene1/in_rect1_carry_i_1/O
                         net (fo=1, routed)           0.500     7.524    u_scene1/in_rect1_carry_i_1_n_0
    SLICE_X40Y28         CARRY4 (Prop_carry4_DI[3]_CO[3])
                                                      0.385     7.909 r  u_scene1/in_rect1_carry/CO[3]
                         net (fo=1, routed)           0.000     7.909    u_scene1/in_rect1_carry_n_0
    SLICE_X40Y29         CARRY4 (Prop_carry4_CI_CO[0])
                                                      0.271     8.180 f  u_scene1/in_rect1_carry__0/CO[0]
                         net (fo=5, routed)           0.979     9.159    u_scene1/in_rect1_carry__0_n_3
    SLICE_X41Y31         LUT6 (Prop_lut6_I2_O)        0.373     9.532 r  u_scene1/r[0]_i_1__1/O
                         net (fo=1, routed)           0.000     9.532    u_scene1/r[0]_i_1__1_n_0
    SLICE_X41Y31         FDCE                                         r  u_scene1/r_reg[0]/D
  -------------------------------------------------------------------    -------------------





Min Delay Paths
--------------------------------------------------------------------------------------
Slack:                    inf
  Source:                 u_scene4/flash_state_reg/C
                            (rising edge-triggered cell FDCE)
  Destination:            u_scene4/r_reg[0]/D
  Path Group:             (none)
  Path Type:              Min at Fast Process Corner
  Data Path Delay:        0.346ns  (logic 0.189ns (54.600%)  route 0.157ns (45.400%))
  Logic Levels:           2  (FDCE=1 LUT5=1)

    Location             Delay type                Incr(ns)  Path(ns)    Netlist Resource(s)
  -------------------------------------------------------------------    -------------------
    SLICE_X41Y34         FDCE                         0.000     0.000 r  u_scene4/flash_state_reg/C
    SLICE_X41Y34         FDCE (Prop_fdce_C_Q)         0.141     0.141 f  u_scene4/flash_state_reg/Q
                         net (fo=5, routed)           0.157     0.298    u_scene2/flash_state
    SLICE_X41Y33         LUT5 (Prop_lut5_I3_O)        0.048     0.346 r  u_scene2/r[0]_i_1/O
                         net (fo=1, routed)           0.000     0.346    u_scene4/D[0]
    SLICE_X41Y33         FDCE                                         r  u_scene4/r_reg[0]/D
  -------------------------------------------------------------------    -------------------

Slack:                    inf
  Source:                 u_scene4/flash_state_reg/C
                            (rising edge-triggered cell FDCE)
  Destination:            u_scene4/flash_state_reg/D
  Path Group:             (none)
  Path Type:              Min at Fast Process Corner
  Data Path Delay:        0.354ns  (logic 0.186ns (52.507%)  route 0.168ns (47.493%))
  Logic Levels:           2  (FDCE=1 LUT2=1)

    Location             Delay type                Incr(ns)  Path(ns)    Netlist Resource(s)
  -------------------------------------------------------------------    -------------------
    SLICE_X41Y34         FDCE                         0.000     0.000 r  u_scene4/flash_state_reg/C
    SLICE_X41Y34         FDCE (Prop_fdce_C_Q)         0.141     0.141 r  u_scene4/flash_state_reg/Q
                         net (fo=5, routed)           0.168     0.309    u_scene4/flash_state
    SLICE_X41Y34         LUT2 (Prop_lut2_I1_O)        0.045     0.354 r  u_scene4/flash_state_i_1/O
                         net (fo=1, routed)           0.000     0.354    u_scene4/flash_state_i_1_n_0
    SLICE_X41Y34         FDCE                                         r  u_scene4/flash_state_reg/D
  -------------------------------------------------------------------    -------------------

Slack:                    inf
  Source:                 u_scene4/flash_state_reg/C
                            (rising edge-triggered cell FDCE)
  Destination:            u_scene4/g_reg[0]/D
  Path Group:             (none)
  Path Type:              Min at Fast Process Corner
  Data Path Delay:        0.406ns  (logic 0.186ns (45.805%)  route 0.220ns (54.195%))
  Logic Levels:           2  (FDCE=1 LUT4=1)

    Location             Delay type                Incr(ns)  Path(ns)    Netlist Resource(s)
  -------------------------------------------------------------------    -------------------
    SLICE_X41Y34         FDCE                         0.000     0.000 r  u_scene4/flash_state_reg/C
    SLICE_X41Y34         FDCE (Prop_fdce_C_Q)         0.141     0.141 f  u_scene4/flash_state_reg/Q
                         net (fo=5, routed)           0.220     0.361    u_scene4/flash_state
    SLICE_X41Y32         LUT4 (Prop_lut4_I1_O)        0.045     0.406 r  u_scene4/g[0]_i_1__0/O
                         net (fo=1, routed)           0.000     0.406    u_scene4/g[0]_i_1__0_n_0
    SLICE_X41Y32         FDCE                                         r  u_scene4/g_reg[0]/D
  -------------------------------------------------------------------    -------------------

Slack:                    inf
  Source:                 u_scene4/flash_state_reg/C
                            (rising edge-triggered cell FDCE)
  Destination:            u_scene4/g_reg[3]/D
  Path Group:             (none)
  Path Type:              Min at Fast Process Corner
  Data Path Delay:        0.409ns  (logic 0.189ns (46.203%)  route 0.220ns (53.797%))
  Logic Levels:           2  (FDCE=1 LUT5=1)

    Location             Delay type                Incr(ns)  Path(ns)    Netlist Resource(s)
  -------------------------------------------------------------------    -------------------
    SLICE_X41Y34         FDCE                         0.000     0.000 r  u_scene4/flash_state_reg/C
    SLICE_X41Y34         FDCE (Prop_fdce_C_Q)         0.141     0.141 r  u_scene4/flash_state_reg/Q
                         net (fo=5, routed)           0.220     0.361    u_scene4/flash_state
    SLICE_X41Y32         LUT5 (Prop_lut5_I2_O)        0.048     0.409 r  u_scene4/g[3]_i_1/O
                         net (fo=1, routed)           0.000     0.409    u_scene4/g[3]_i_1_n_0
    SLICE_X41Y32         FDCE                                         r  u_scene4/g_reg[3]/D
  -------------------------------------------------------------------    -------------------

Slack:                    inf
  Source:                 u_scene4/flash_counter_reg[15]/C
                            (rising edge-triggered cell FDCE)
  Destination:            u_scene4/flash_counter_reg[15]/D
  Path Group:             (none)
  Path Type:              Min at Fast Process Corner
  Data Path Delay:        0.421ns  (logic 0.249ns (59.140%)  route 0.172ns (40.860%))
  Logic Levels:           3  (CARRY4=1 FDCE=1 LUT2=1)

    Location             Delay type                Incr(ns)  Path(ns)    Netlist Resource(s)
  -------------------------------------------------------------------    -------------------
    SLICE_X40Y59         FDCE                         0.000     0.000 r  u_scene4/flash_counter_reg[15]/C
    SLICE_X40Y59         FDCE (Prop_fdce_C_Q)         0.141     0.141 r  u_scene4/flash_counter_reg[15]/Q
                         net (fo=3, routed)           0.172     0.313    u_scene4/flash_counter_reg[15]
    SLICE_X40Y59         LUT2 (Prop_lut2_I0_O)        0.045     0.358 r  u_scene4/flash_counter[12]_i_2__0/O
                         net (fo=1, routed)           0.000     0.358    u_scene4/flash_counter[12]_i_2__0_n_0
    SLICE_X40Y59         CARRY4 (Prop_carry4_S[3]_O[3])
                                                      0.063     0.421 r  u_scene4/flash_counter_reg[12]_i_1__0/O[3]
                         net (fo=1, routed)           0.000     0.421    u_scene4/flash_counter_reg[12]_i_1__0_n_4
    SLICE_X40Y59         FDCE                                         r  u_scene4/flash_counter_reg[15]/D
  -------------------------------------------------------------------    -------------------

Slack:                    inf
  Source:                 u_scene4/flash_counter_reg[19]/C
                            (rising edge-triggered cell FDCE)
  Destination:            u_scene4/flash_counter_reg[19]/D
  Path Group:             (none)
  Path Type:              Min at Fast Process Corner
  Data Path Delay:        0.421ns  (logic 0.249ns (59.140%)  route 0.172ns (40.860%))
  Logic Levels:           3  (CARRY4=1 FDCE=1 LUT2=1)

    Location             Delay type                Incr(ns)  Path(ns)    Netlist Resource(s)
  -------------------------------------------------------------------    -------------------
    SLICE_X40Y60         FDCE                         0.000     0.000 r  u_scene4/flash_counter_reg[19]/C
    SLICE_X40Y60         FDCE (Prop_fdce_C_Q)         0.141     0.141 r  u_scene4/flash_counter_reg[19]/Q
                         net (fo=3, routed)           0.172     0.313    u_scene4/flash_counter_reg[19]
    SLICE_X40Y60         LUT2 (Prop_lut2_I0_O)        0.045     0.358 r  u_scene4/flash_counter[16]_i_2__0/O
                         net (fo=1, routed)           0.000     0.358    u_scene4/flash_counter[16]_i_2__0_n_0
    SLICE_X40Y60         CARRY4 (Prop_carry4_S[3]_O[3])
                                                      0.063     0.421 r  u_scene4/flash_counter_reg[16]_i_1__0/O[3]
                         net (fo=1, routed)           0.000     0.421    u_scene4/flash_counter_reg[16]_i_1__0_n_4
    SLICE_X40Y60         FDCE                                         r  u_scene4/flash_counter_reg[19]/D
  -------------------------------------------------------------------    -------------------

Slack:                    inf
  Source:                 u_scene4/flash_counter_reg[11]/C
                            (rising edge-triggered cell FDCE)
  Destination:            u_scene4/flash_counter_reg[11]/D
  Path Group:             (none)
  Path Type:              Min at Fast Process Corner
  Data Path Delay:        0.422ns  (logic 0.249ns (58.995%)  route 0.173ns (41.005%))
  Logic Levels:           3  (CARRY4=1 FDCE=1 LUT2=1)

    Location             Delay type                Incr(ns)  Path(ns)    Netlist Resource(s)
  -------------------------------------------------------------------    -------------------
    SLICE_X40Y58         FDCE                         0.000     0.000 r  u_scene4/flash_counter_reg[11]/C
    SLICE_X40Y58         FDCE (Prop_fdce_C_Q)         0.141     0.141 r  u_scene4/flash_counter_reg[11]/Q
                         net (fo=3, routed)           0.173     0.314    u_scene4/flash_counter_reg[11]
    SLICE_X40Y58         LUT2 (Prop_lut2_I0_O)        0.045     0.359 r  u_scene4/flash_counter[8]_i_2__0/O
                         net (fo=1, routed)           0.000     0.359    u_scene4/flash_counter[8]_i_2__0_n_0
    SLICE_X40Y58         CARRY4 (Prop_carry4_S[3]_O[3])
                                                      0.063     0.422 r  u_scene4/flash_counter_reg[8]_i_1__0/O[3]
                         net (fo=1, routed)           0.000     0.422    u_scene4/flash_counter_reg[8]_i_1__0_n_4
    SLICE_X40Y58         FDCE                                         r  u_scene4/flash_counter_reg[11]/D
  -------------------------------------------------------------------    -------------------

Slack:                    inf
  Source:                 u_scene4/flash_counter_reg[23]/C
                            (rising edge-triggered cell FDCE)
  Destination:            u_scene4/flash_counter_reg[23]/D
  Path Group:             (none)
  Path Type:              Min at Fast Process Corner
  Data Path Delay:        0.422ns  (logic 0.249ns (58.995%)  route 0.173ns (41.005%))
  Logic Levels:           3  (CARRY4=1 FDCE=1 LUT2=1)

    Location             Delay type                Incr(ns)  Path(ns)    Netlist Resource(s)
  -------------------------------------------------------------------    -------------------
    SLICE_X40Y61         FDCE                         0.000     0.000 r  u_scene4/flash_counter_reg[23]/C
    SLICE_X40Y61         FDCE (Prop_fdce_C_Q)         0.141     0.141 r  u_scene4/flash_counter_reg[23]/Q
                         net (fo=3, routed)           0.173     0.314    u_scene4/flash_counter_reg[23]
    SLICE_X40Y61         LUT2 (Prop_lut2_I0_O)        0.045     0.359 r  u_scene4/flash_counter[20]_i_2__0/O
                         net (fo=1, routed)           0.000     0.359    u_scene4/flash_counter[20]_i_2__0_n_0
    SLICE_X40Y61         CARRY4 (Prop_carry4_S[3]_O[3])
                                                      0.063     0.422 r  u_scene4/flash_counter_reg[20]_i_1__0/O[3]
                         net (fo=1, routed)           0.000     0.422    u_scene4/flash_counter_reg[20]_i_1__0_n_4
    SLICE_X40Y61         FDCE                                         r  u_scene4/flash_counter_reg[23]/D
  -------------------------------------------------------------------    -------------------

Slack:                    inf
  Source:                 u_scene4/flash_counter_reg[7]/C
                            (rising edge-triggered cell FDCE)
  Destination:            u_scene4/flash_counter_reg[7]/D
  Path Group:             (none)
  Path Type:              Min at Fast Process Corner
  Data Path Delay:        0.422ns  (logic 0.249ns (58.995%)  route 0.173ns (41.005%))
  Logic Levels:           3  (CARRY4=1 FDCE=1 LUT2=1)

    Location             Delay type                Incr(ns)  Path(ns)    Netlist Resource(s)
  -------------------------------------------------------------------    -------------------
    SLICE_X40Y57         FDCE                         0.000     0.000 r  u_scene4/flash_counter_reg[7]/C
    SLICE_X40Y57         FDCE (Prop_fdce_C_Q)         0.141     0.141 r  u_scene4/flash_counter_reg[7]/Q
                         net (fo=3, routed)           0.173     0.314    u_scene4/flash_counter_reg[7]
    SLICE_X40Y57         LUT2 (Prop_lut2_I0_O)        0.045     0.359 r  u_scene4/flash_counter[4]_i_2__0/O
                         net (fo=1, routed)           0.000     0.359    u_scene4/flash_counter[4]_i_2__0_n_0
    SLICE_X40Y57         CARRY4 (Prop_carry4_S[3]_O[3])
                                                      0.063     0.422 r  u_scene4/flash_counter_reg[4]_i_1__0/O[3]
                         net (fo=1, routed)           0.000     0.422    u_scene4/flash_counter_reg[4]_i_1__0_n_4
    SLICE_X40Y57         FDCE                                         r  u_scene4/flash_counter_reg[7]/D
  -------------------------------------------------------------------    -------------------

Slack:                    inf
  Source:                 u_scene4/flash_counter_reg[3]/C
                            (rising edge-triggered cell FDCE)
  Destination:            u_scene4/flash_counter_reg[3]/D
  Path Group:             (none)
  Path Type:              Min at Fast Process Corner
  Data Path Delay:        0.422ns  (logic 0.249ns (58.987%)  route 0.173ns (41.013%))
  Logic Levels:           3  (CARRY4=1 FDCE=1 LUT2=1)

    Location             Delay type                Incr(ns)  Path(ns)    Netlist Resource(s)
  -------------------------------------------------------------------    -------------------
    SLICE_X40Y56         FDCE                         0.000     0.000 r  u_scene4/flash_counter_reg[3]/C
    SLICE_X40Y56         FDCE (Prop_fdce_C_Q)         0.141     0.141 r  u_scene4/flash_counter_reg[3]/Q
                         net (fo=3, routed)           0.173     0.314    u_scene4/flash_counter_reg[3]
    SLICE_X40Y56         LUT2 (Prop_lut2_I0_O)        0.045     0.359 r  u_scene4/flash_counter[0]_i_3__0/O
                         net (fo=1, routed)           0.000     0.359    u_scene4/flash_counter[0]_i_3__0_n_0
    SLICE_X40Y56         CARRY4 (Prop_carry4_S[3]_O[3])
                                                      0.063     0.422 r  u_scene4/flash_counter_reg[0]_i_1__0/O[3]
                         net (fo=1, routed)           0.000     0.422    u_scene4/flash_counter_reg[0]_i_1__0_n_4
    SLICE_X40Y56         FDCE                                         r  u_scene4/flash_counter_reg[3]/D
  -------------------------------------------------------------------    -------------------





