#-----------------------------------------------------------
# xsim v2023.1 (64-bit)
# SW Build 3865809 on Sun May  7 15:05:29 MDT 2023
# IP Build 3864474 on Sun May  7 20:36:21 MDT 2023
# SharedData Build 3865790 on Sun May 07 13:33:03 MDT 2023
# Start of session at: Sat May  2 03:42:36 2026
# Process ID: 41588
# Current directory: C:/Users/khuon/ECE520/final_project/phase2_scene_sim_xsim
# Command line: xsim.exe -log tb_scene_treble_flash_sim.log -mode tcl -source {xsim.dir/tb_scene_treble_flash_behav/xsim_script.tcl}
# Log file: C:/Users/khuon/ECE520/final_project/phase2_scene_sim_xsim/tb_scene_treble_flash_sim.log
# Journal file: C:/Users/khuon/ECE520/final_project/phase2_scene_sim_xsim\xsim.jou
# Running On: GN9HD17Q, OS: Windows, CPU Frequency: 3072 MHz, CPU Physical cores: 24, Host memory: 33673 MB
#-----------------------------------------------------------
source xsim.dir/tb_scene_treble_flash_behav/xsim_script.tcl
# xsim {tb_scene_treble_flash_behav} -autoloadwcfg -tclbatch {run_all.tcl}
Time resolution is 1 ps
source run_all.tcl
## run -all
=== Scene Treble Flash Testbench ===
[PASS] Test 1: Reset - outputs zero
[PASS] Test 2: Blanking is black
[PASS] Test 3: Center quiet - black center r=0 b=0
[PASS] Test 4: Center mid energy - glow visible b=8
[PASS] Test 5: Edge flashing - saw both bright and dark states
[PASS] Test 6: Slow flash - stable over 1000 cycles
=== Scene Treble Flash: ALL PASS ===
$finish called at time : 8973 ns : File "C:/Users/khuon/ECE520/final_project/reactive-visual-scene-engine/tb/tb_scene_treble_flash.v" Line 148
