Vivado Simulator v2023.1
Copyright 1986-2022 Xilinx, Inc. All Rights Reserved.
Copyright 2022-2023 Advanced Micro Devices, Inc. All Rights Reserved.
Running: C:/Xilinx/Vivado/2023.1/bin/unwrapped/win64.o/xelab.exe --debug typical --relax --mt 8 -L work --snapshot tb_scene_engine_top_run work.tb_scene_engine_top work.glbl 
Using 8 slave threads.
Starting static elaboration
Pass Through NonSizing Optimizer
Completed static elaboration
Starting simulation data flow analysis
WARNING: [XSIM 43-4099] "C:/Users/khuon/ECE520/final_project/reactive-visual-scene-engine/rtl/scene_engine/scene_loudness_pulse.v" Line 4. Module scene_loudness_pulse doesn't have a timescale but at least one module in design has a timescale.
WARNING: [XSIM 43-4099] "C:/Users/khuon/ECE520/final_project/reactive-visual-scene-engine/rtl/scene_engine/scene_bass_bars.v" Line 4. Module scene_bass_bars doesn't have a timescale but at least one module in design has a timescale.
WARNING: [XSIM 43-4099] "C:/Users/khuon/ECE520/final_project/reactive-visual-scene-engine/rtl/scene_engine/scene_treble_flash.v" Line 4. Module scene_treble_flash doesn't have a timescale but at least one module in design has a timescale.
WARNING: [XSIM 43-4099] "C:/Users/khuon/ECE520/final_project/reactive-visual-scene-engine/rtl/scene_engine/scene_loudness_pulse.v" Line 4. Module scene_loudness_pulse doesn't have a timescale but at least one module in design has a timescale.
WARNING: [XSIM 43-4099] "C:/Users/khuon/ECE520/final_project/reactive-visual-scene-engine/rtl/scene_engine/scene_bass_bars.v" Line 4. Module scene_bass_bars doesn't have a timescale but at least one module in design has a timescale.
WARNING: [XSIM 43-4099] "C:/Users/khuon/ECE520/final_project/reactive-visual-scene-engine/rtl/scene_engine/scene_treble_flash.v" Line 4. Module scene_treble_flash doesn't have a timescale but at least one module in design has a timescale.
Completed simulation data flow analysis
Time Resolution for simulation is 1ps
Compiling module work.scene_loudness_pulse
Compiling module work.scene_bass_bars
Compiling module work.scene_treble_flash
Compiling module work.scene_tri_band_eq
Compiling module work.scene_engine_top
Compiling module work.tb_scene_engine_top
Compiling module work.glbl
Built simulation snapshot tb_scene_engine_top_run
