#-----------------------------------------------------------
# xsim v2023.1 (64-bit)
# SW Build 3865809 on Sun May  7 15:05:29 MDT 2023
# IP Build 3864474 on Sun May  7 20:36:21 MDT 2023
# SharedData Build 3865790 on Sun May 07 13:33:03 MDT 2023
# Start of session at: Mon May  4 03:29:41 2026
# Process ID: 13772
# Current directory: C:/Users/khuon/ECE520/final_project/phase2_scene_sim_xsim
# Command line: xsim.exe -mode tcl -source {xsim.dir/tb_scene_treble_flash_run/xsim_script.tcl}
# Log file: C:/Users/khuon/ECE520/final_project/phase2_scene_sim_xsim/xsim.log
# Journal file: C:/Users/khuon/ECE520/final_project/phase2_scene_sim_xsim\xsim.jou
# Running On: GN9HD17Q, OS: Windows, CPU Frequency: 3072 MHz, CPU Physical cores: 24, Host memory: 33673 MB
#-----------------------------------------------------------
source xsim.dir/tb_scene_treble_flash_run/xsim_script.tcl
# xsim {tb_scene_treble_flash_run} -autoloadwcfg -tclbatch {run_all.tcl} -onerror quit
Time resolution is 1 ps
source run_all.tcl
## run -all
=== Scene 3 (Multicolor Particle Storm) Testbench ===
[PASS] Test 1: Reset
[PASS] Test 2: Blanking
[PASS] Test 3: Particle red (cell 3,5) - r=4
[PASS] Test 4: Particle green (cell 4,5) - g=4
[PASS] Test 5: Particle cyan (cell 5,5) - g=5 b=5
[PASS] Test 6: Particle magenta (cell 6,5) - r=5 b=5
[PASS] Test 7: Loud treble brightens red particle (15,0,0)
[PASS] Test 8: Non-particle + mid - magenta bg
[PASS] Test 9: Non-particle + silent - black
=== Scene 3 (Multicolor Particle Storm): ALL PASS ===
$finish called at time : 229 ns : File "C:/Users/khuon/ECE520/final_project/reactive-visual-scene-engine/tb/tb_scene_treble_flash.v" Line 133
xsim% INFO: [Common 17-206] Exiting xsim at Mon May  4 03:29:43 2026...
