#-----------------------------------------------------------
# xsim v2023.1 (64-bit)
# SW Build 3865809 on Sun May  7 15:05:29 MDT 2023
# IP Build 3864474 on Sun May  7 20:36:21 MDT 2023
# SharedData Build 3865790 on Sun May 07 13:33:03 MDT 2023
# Start of session at: Mon May  4 03:29:46 2026
# Process ID: 37924
# Current directory: C:/Users/khuon/ECE520/final_project/phase2_scene_sim_xsim
# Command line: xsim.exe -mode tcl -source {xsim.dir/tb_scene_tri_band_eq_run/xsim_script.tcl}
# Log file: C:/Users/khuon/ECE520/final_project/phase2_scene_sim_xsim/xsim.log
# Journal file: C:/Users/khuon/ECE520/final_project/phase2_scene_sim_xsim\xsim.jou
# Running On: GN9HD17Q, OS: Windows, CPU Frequency: 3072 MHz, CPU Physical cores: 24, Host memory: 33673 MB
#-----------------------------------------------------------
source xsim.dir/tb_scene_tri_band_eq_run/xsim_script.tcl
# xsim {tb_scene_tri_band_eq_run} -autoloadwcfg -tclbatch {run_all.tcl} -onerror quit
Time resolution is 1 ps
source run_all.tcl
## run -all
=== Scene Tri-Band EQ Testbench ===
[PASS] Test 1: Reset - outputs zero
[PASS] Test 2: Blanking is black
[PASS] Test 3: Separator at y=160 is white
[PASS] Test 4: Separator at y=320 is white
[PASS] Test 5: LOW band filled - red r=15 (g=b=0)
[PASS] Test 6: MID band filled - green g=15 (r=b=0)
[PASS] Test 7: HIGH band filled - blue b=15 (r=g=0)
[PASS] Test 8: LOW band silent - dim red bg r=1
[PASS] Test 9: HIGH band silent - dim blue bg b=1
[PASS] Test 10: Pixel past bar end - dim red bg
[PASS] Test 11: Pixel in bar (medium energy) - red r=6
=== Scene Tri-Band EQ: ALL PASS ===
$finish called at time : 181 ns : File "C:/Users/khuon/ECE520/final_project/reactive-visual-scene-engine/tb/tb_scene_tri_band_eq.v" Line 173
xsim% INFO: [Common 17-206] Exiting xsim at Mon May  4 03:29:48 2026...
